0 ffffff93 ceil
0 ffffff94 floor
0 ffffff95 sqrt
0 ffffff96 atan2
0 ffffff97 cos
0 ffffff98 sin
0 ffffff99 strncpy
0 ffffff9a memcpy
0 ffffff9b memset
0 ffffffa8 trap_SetPbClStatus
0 ffffffa9 trap_FS_Seek
0 ffffffaa trap_LAN_CompareServers
0 ffffffab trap_LAN_ServerIsVisible
0 ffffffac trap_LAN_GetServerPing
0 ffffffad trap_LAN_ServerStatus
0 ffffffae trap_VerifyCDKey
0 ffffffaf trap_R_RemapShader
0 ffffffb0 trap_CIN_SetExtents
0 ffffffb1 trap_CIN_DrawCinematic
0 ffffffb2 trap_CIN_RunCinematic
0 ffffffb3 trap_CIN_StopCinematic
0 ffffffb4 trap_CIN_PlayCinematic
0 ffffffb5 trap_LAN_RemoveServer
0 ffffffb6 trap_LAN_AddServer
0 ffffffb7 trap_LAN_SaveCachedServers
0 ffffffb8 trap_LAN_LoadCachedServers
0 ffffffb9 trap_LAN_ResetPings
0 ffffffba trap_LAN_UpdateVisiblePings
0 ffffffbb trap_LAN_MarkServerVisible
0 ffffffbc trap_LAN_GetServerInfo
0 ffffffbd trap_LAN_GetServerAddressString
0 ffffffbe trap_LAN_GetServerCount
0 ffffffbf trap_RealTime
0 ffffffc0 trap_S_StartBackgroundTrack
0 ffffffc1 trap_S_StopBackgroundTrack
0 ffffffc2 trap_PC_SourceFileAndLine
0 ffffffc3 trap_PC_ReadToken
0 ffffffc4 trap_PC_FreeSource
0 ffffffc5 trap_PC_LoadSource
0 ffffffc6 trap_PC_AddGlobalDefine
0 ffffffc7 trap_R_ModelBounds
0 ffffffc8 trap_R_RegisterFont
0 ffffffc9 trap_SetCDKey
0 ffffffca trap_GetCDKey
0 ffffffcb trap_MemoryRemaining
0 ffffffcc trap_Cvar_Update
0 ffffffcd trap_Cvar_Register
0 ffffffce trap_LAN_GetPingInfo
0 ffffffcf trap_LAN_GetPing
0 ffffffd0 trap_LAN_ClearPing
0 ffffffd1 trap_LAN_GetPingQueueCount
0 ffffffd2 trap_GetConfigString
0 ffffffd3 trap_GetClientState
0 ffffffd4 trap_GetGlconfig
0 ffffffd5 trap_GetClipboardData
0 ffffffd6 trap_Key_SetCatcher
0 ffffffd7 trap_Key_GetCatcher
0 ffffffd8 trap_Key_ClearStates
0 ffffffd9 trap_Key_SetOverstrikeMode
0 ffffffda trap_Key_GetOverstrikeMode
0 ffffffdb trap_Key_IsDown
0 ffffffdc trap_Key_SetBinding
0 ffffffdd trap_Key_GetBindingBuf
0 ffffffde trap_Key_KeynumToStringBuf
0 ffffffdf trap_S_StartLocalSound
0 ffffffe0 trap_S_RegisterSound
0 ffffffe1 trap_CM_LoadModel
0 ffffffe2 trap_CM_LerpTag
0 ffffffe3 trap_UpdateScreen
0 ffffffe4 trap_R_DrawStretchPic
0 ffffffe5 trap_R_SetColor
0 ffffffe6 trap_R_RenderScene
0 ffffffe7 trap_R_AddLightToScene
0 ffffffe8 trap_R_AddPolyToScene
0 ffffffe9 trap_R_AddRefEntityToScene
0 ffffffea trap_R_ClearScene
0 ffffffeb trap_R_RegisterShaderNoMip
0 ffffffec trap_R_RegisterSkin
0 ffffffed trap_R_RegisterModel
0 ffffffee trap_FS_GetFileList
0 ffffffef trap_FS_FCloseFile
0 fffffff0 trap_FS_Write
0 fffffff1 trap_FS_Read
0 fffffff2 trap_FS_FOpenFile
0 fffffff3 trap_Cmd_ExecuteText
0 fffffff4 trap_Argv
0 fffffff5 trap_Argc
0 fffffff6 trap_Cvar_InfoStringBuffer
0 fffffff7 trap_Cvar_Create
0 fffffff8 trap_Cvar_Reset
0 fffffff9 trap_Cvar_SetValue
0 fffffffa trap_Cvar_VariableStringBuffer
0 fffffffb trap_Cvar_VariableValue
0 fffffffc trap_Cvar_Set
0 fffffffd trap_Milliseconds
0 fffffffe trap_Print
0 ffffffff trap_Error
0        0 vmMain
0       7c UI_RegisterCvars
0       b1 UI_UpdateCvars
0       d4 BG_FindItemForPowerup
0      117 BG_FindItemForHoldable
0      151 BG_FindItemForWeapon
0      184 BG_FindItem
0      1af BG_PlayerTouchesItem
0      20f BG_CanItemBeGrabbed
0      60a BG_AddPredictableEventToPlayerstate
0      645 BG_TouchJumpPad
0      6b5 BG_PlayerStateToEntityState
0      8af BG_PlayerStateToEntityStateExtraPolate
0      ab6 Q_rand
0      acb Q_random
0      add Q_crandom
0      510 BG_EvaluateTrajectoryDelta
0      340 BG_EvaluateTrajectory
0      aee VectorCompare
0      b26 VectorLength
0      b59 VectorLengthSquared
0      b85 Distance
0      bc6 DistanceSquared
0      c14 VectorNormalizeFast
0      c73 VectorInverse
0      c9b CrossProduct
0      d14 ClampChar
0      d2b ClampShort
0      d42 DirToByte
0      d9d ByteToDir
0      dbb ColorBytes3
0      e2a ColorBytes4
0      ebc NormalizeColor
0      f32 PlaneFromPoints
0      ff0 RotatePointAroundVector
0     10fb RotateAroundDirection
0     113f vectoangles
0     11fb AnglesToAxis
0     1230 AxisClear
0     1267 AxisCopy
0     128b ProjectPointOnPlane
0     1346 MakeNormalVectors
0     13f1 VectorRotate
0     148e Q_rsqrt
0     14c5 Q_fabs
0     14d5 LerpAngle
0     1506 AngleSubtract
0     152b AnglesSubtract
0     1579 AngleMod
0     158b AngleNormalize360
0     1599 AngleNormalize180
0     15b4 AngleDelta
0     15c4 SetPlaneSignbits
0     15f1 BoxOnPlaneSide
0     19b2 RadiusFromBounds
0     1a05 ClearBounds
0     1a3c AddPointToBounds
0     1ad5 VectorNormalize
0     1b45 VectorNormalize2
0     1bd3 _VectorMA
0     1c15 _DotProduct
0     1c4a _VectorSubtract
0     1c83 _VectorAdd
0     1cbc _VectorCopy
0     1ce3 _VectorScale
0     1d13 Vector4Scale
0     1d55 Q_log2
0     1d74 MatrixMultiply
0     1f49 AngleVectors
0     2041 PerpendicularVector
0     20ad Com_Clamp
0     20c7 COM_SkipPath
0     20eb COM_StripExtension
0     2121 COM_DefaultExtension
0     2169 ShortSwap
0     2189 ShortNoSwap
0     2194 LongSwap
0     21c7 LongNoSwap
0     21cd Long64Swap
0     220a Long64NoSwap
0     2212 FloatSwap
0     2228 FloatNoSwap
0     222f COM_BeginParseSession
0     2241 COM_GetCurrentParseLine
0     2247 COM_Parse
0     2256 COM_ParseError
0     2276 COM_ParseWarning
0     2296 SkipWhitespace
0     22cd COM_Compress
0     2420 COM_ParseExt
0     256c COM_MatchToken
0     2595 SkipBracedSection
0     25d3 SkipRestOfLine
0     260b Parse1DMatrix
0     264a Parse2DMatrix
0     2685 Parse3DMatrix
0     26ca Q_isprint
0     26df Q_islower
0     26f4 Q_isupper
0     2709 Q_isalpha
0     272a Q_strrchr
0     275e Q_strncpyz
0     2799 Q_stricmpn
0     2824 Q_strncmp
0     2876 Q_stricmp
0     289e Q_strlwr
0     28c4 Q_strupr
0     28ea Q_strcat
0     2916 Q_PrintStrlen
0     2966 Q_CleanStr
0     29cc Com_sprintf
0     2a0b va
0     2a38 Info_ValueForKey
0     2b18 Info_NextPair
0     2bb6 Info_RemoveKey
0     2c86 Info_RemoveKey_Big
0     2d56 Info_Validate
0     2d7d Info_SetValueForKey
0     2e4d Info_SetValueForKey_Big
0     2f15 UI_AddBotsMenu_FightEvent
0     2f57 UI_AddBotsMenu_BotEvent
0     2f79 UI_AddBotsMenu_BackEvent
0     2f85 UI_AddBotsMenu_SetBotNames
0     2fc0 UI_AddBotsMenu_UpEvent
0     2fdb UI_AddBotsMenu_DownEvent
0     2ff9 UI_AddBotsMenu_SortCompare
0     3043 UI_AddBotsMenu_GetSortedBotNums
0     306b UI_AddBotsMenu_Draw
0     308d UI_AddBotsMenu_Init
0     3288 UI_AddBots_Cache
0     32b3 UI_AddBotsMenu
0     32be Com_Error
0     32e0 Com_Printf
0     3302 UI_ClampCvar
0     331c UI_StartDemoLoop
0     3326 UI_PushMenu
0     33c1 UI_PopMenu
0     33f5 UI_ForceMenuOff
0     3414 UI_LerpColor
0     346f UI_DrawBannerString2
0     3535 UI_DrawBannerString
0     35e3 UI_ProportionalStringWidth
0     3626 UI_DrawProportionalString2
0     36ef UI_ProportionalSizeScale
0     36fe UI_DrawProportionalString
0     3852 UI_DrawProportionalString_AutoWrapped
0     3936 UI_DrawString2
0     3a20 UI_DrawString
0     3b38 UI_DrawChar
0     3b53 UI_IsFullscreen
0     3b6e NeedCDAction
0     3b7c NeedCDKeyAction
0     3b8a UI_SetActiveMenu
0     3bd8 UI_KeyEvent
0     3c1e UI_MouseEvent
0     3d24 UI_Argv
0     3d33 UI_Cvar_VariableString
0     3d42 UI_Cache_f
0     3d9c UI_ConsoleCommand
0     3e4e UI_Shutdown
0     3e51 UI_Init
0     3e8a UI_AdjustFrom640
0     3ec4 UI_DrawNamedPic
0     3f01 UI_DrawHandlePic
0     3f5b UI_FillRect
0     3f95 UI_DrawRect
0     4042 UI_SetColor
0     404b UI_UpdateScreen
0     4051 UI_Refresh
0     4128 UI_DrawTextBox
0     418b UI_CursorInRect
0     41b6 UI_CDKeyMenu_Event
0     41e2 UI_CDKeyMenu_PreValidateKey
0     423c UI_CDKeyMenu_DrawKey
0     430f UI_CDKeyMenu_Init
0     43e6 UI_CDKeyMenu_Cache
0     4402 UI_CDKeyMenu
0     440d UI_CDKeyMenu_f
0     4413 UI_CinematicsMenu_BackEvent
0     441f UI_CinematicsMenu_Event
0     446c UI_CinematicsMenu_Init
0     4742 UI_CinematicsMenu_Cache
0     4759 UI_CinematicsMenu
0     4764 UI_CinematicsMenu_f
0     4788 ConfirmMenu_Event
0     47ae ConfirmMenu_Key
0     4823 MessageMenu_Draw
0     4874 ConfirmMenu_Draw
0     48ae ConfirmMenu_Cache
0     48b6 UI_ConfirmMenu_Style
0     497d UI_ConfirmMenu
0     498e UI_Message
0     49ff UI_ReadableSize
0     4ab4 UI_PrintTime
0     4b15 UI_DisplayDownloadInfo
0     4d2a UI_DrawConnectScreen
0     4e26 UI_KeyConnect
0     4e34 Controls_InitCvars
0     4e84 Controls_GetCvarDefault
0     4ebb Controls_GetCvarValue
0     4ef2 Controls_UpdateModel
0     4fec Controls_Update
0     51ee Controls_DrawKeyBinding
0     5397 Controls_StatusBar
0     53a7 Controls_DrawPlayer
0     53fc Controls_GetKeyAssignment
0     5456 Controls_GetConfig
0     553b Controls_SetConfig
0     55f8 Controls_SetDefaults
0     568d Controls_MenuKey
0     582a Controls_ResetDefaults_Action
0     583c Controls_ResetDefaults_Draw
0     5859 Controls_MenuEvent
0     58ee Controls_ActionEvent
0     591e Controls_InitModel
0     593d Controls_InitWeapons
0     5962 Controls_MenuInit
0     5ead Controls_Cache
0     5ec4 UI_ControlsMenu
0     5ecf UI_CreditMenu_Key
0     5ee5 UI_CreditMenu_Draw
0     6099 UI_CreditMenu
0     60b3 Demos_MenuEvent
0     6104 UI_DemosMenu_Key
0     611d Demos_MenuInit
0     62ec Demos_Cache
0     631c UI_DemosMenu
0     6327 UI_DisplayOptionsMenu_Event
0     637a UI_DisplayOptionsMenu_Init
0     6506 UI_DisplayOptionsMenu_Cache
0     651d UI_DisplayOptionsMenu
0     652f UI_Alloc
0     6559 UI_InitMemory
0     6562 UI_ParseInfos
0     6650 UI_LoadArenasFromFile
0     66d0 UI_LoadArenas
0     68e2 UI_GetArenaInfoByNumber
0     6945 UI_GetArenaInfoByMap
0     6980 UI_GetSpecialArenaInfo
0     69bb UI_LoadBotsFromFile
0     6a44 UI_LoadBots
0     6ac5 UI_GetBotInfoByNumber
0     6af0 UI_GetBotInfoByName
0     6b2f UI_GetBestScore
0     6bba UI_SetBestScore
0     6c41 UI_LogAwardData
0     6ca4 UI_GetAwardLevel
0     6cce UI_TierCompleted
0     6d6a UI_ShowTierVideo
0     6dbc UI_CanShowTierVideo
0     6e01 UI_GetCurrentGame
0     6e91 UI_NewGame
0     6ec5 UI_GetNumArenas
0     6ecb UI_GetNumSPArenas
0     6ed1 UI_GetNumSPTiers
0     6ed9 UI_GetNumBots
0     6edf UI_SPUnlock_f
0     6f35 UI_SPUnlockMedals_f
0     6f6f UI_InitGameinfo
0     6f95 InGame_RestartAction
0     6fa8 InGame_QuitAction
0     6fb7 InGame_Event
0     7017 InGame_MenuInit
0     7290 InGame_Cache
0     7298 UI_InGameMenu
0     72ac LoadConfig_MenuEvent
0     72fd LoadConfig_MenuInit
0     74b6 UI_LoadConfig_Cache
0     74e6 UI_LoadConfigMenu
0     74f1 MainMenu_ExitAction
0     7500 Main_MenuEvent
0     7557 MainMenu_Cache
0     7564 ErrorMessage_Key
0     7574 Main_MenuDraw
0     766a UI_TeamArenaExists
0     76ca UI_MainMenu
0     78ba MField_Draw
0     79d8 MField_Paste
0     7a09 MField_KeyDownEvent
0     7b89 MField_CharEvent
0     7d14 MField_Clear
0     7d27 MenuField_Init
0     7db2 MenuField_Draw
0     7ea6 MenuField_Key
0     7f76 UI_Mods_MenuEvent
0     7fac UI_Mods_ParseInfos
0     8016 UI_Mods_LoadMods
0     809d UI_Mods_MenuInit
0     816f UI_ModsMenu_Cache
0     8190 UI_ModsMenu
0     819b UI_NetworkOptionsMenu_Event
0     8217 UI_NetworkOptionsMenu_Init
0     8382 UI_NetworkOptionsMenu_Cache
0     8399 UI_NetworkOptionsMenu
0     83ab Options_Event
0     83e2 SystemConfig_Cache
0     83f9 Options_MenuInit
0     8536 UI_SystemConfigMenu
0     8541 PlayerModel_UpdateGrid
0     864a PlayerModel_UpdateModel
0     8686 PlayerModel_SaveChanges
0     86a5 PlayerModel_MenuEvent
0     86f4 PlayerModel_MenuKey
0     8813 PlayerModel_PicEvent
0     890e PlayerModel_DrawPlayer
0     8962 PlayerModel_BuildList
0     8a97 PlayerModel_SetMenuItems
0     8b61 PlayerModel_MenuInit
0     8e0b PlayerModel_Cache
0     8e4a UI_PlayerModelMenu
0     8e63 UI_PlayerInfo_SetWeapon
0     9024 UI_ForceLegsAnim
0     9049 UI_SetLegsAnim
0     9069 UI_ForceTorsoAnim
0     90a0 UI_SetTorsoAnim
0     90c0 UI_TorsoSequencing
0     9146 UI_LegsSequencing
0     9199 UI_PositionEntityOnTag
0     925e UI_PositionRotatedEntityOnTag
0     9320 UI_SetLerpFrameAnimation
0     9371 UI_RunLerpFrame
0     94c1 UI_PlayerAnimation
0     9589 UI_SwingAngles
0     968e UI_MovedirAdjustment
0     9765 UI_PlayerAngles
0     9880 UI_PlayerFloatSprite
0     98a8 UI_MachinegunSpinAngle
0     993c UI_DrawPlayer
0     9ca2 UI_RegisterClientSkin
0     9d1e UI_ParseAnimationFile
0     9efd UI_RegisterClientModelname
0     a017 UI_PlayerInfo_SetModel
0     a077 UI_PlayerInfo_SetInfo
0     a26f PlayerSettings_DrawName
0     a3ab PlayerSettings_DrawHandicap
0     a41d PlayerSettings_DrawEffects
0     a4ba PlayerSettings_DrawPlayer
0     a524 PlayerSettings_SaveChanges
0     a549 PlayerSettings_MenuKey
0     a567 PlayerSettings_SetMenuItems
0     a5ea PlayerSettings_MenuEvent
0     a62d PlayerSettings_MenuInit
0     a7b4 PlayerSettings_Cache
0     a825 UI_PlayerSettingsMenu
0     a830 Preferences_SetMenuItems
0     a91c Preferences_Event
0     a9e8 Crosshair_Draw
0     aadd Preferences_MenuInit
0     ad15 Preferences_Cache
0     ad54 UI_PreferencesMenu
0     ad5f Text_Init
0     ad70 Text_Draw
0     add1 BText_Init
0     ade2 BText_Draw
0     ae24 PText_Init
0     aeb1 PText_Draw
0     af1d Bitmap_Init
0     afa0 Bitmap_Draw
0     b1a2 Action_Init
0     b203 Action_Draw
0     b2ad RadioButton_Init
0     b312 RadioButton_Key
0     b3b5 RadioButton_Draw
0     b4db Slider_Init
0     b540 Slider_Key
0     b664 Slider_Draw
0     b777 SpinControl_Init
0     b82f SpinControl_Key
0     b8ef SpinControl_Draw
0     b9e0 ScrollList_Init
0     baa5 ScrollList_Key
0     c0f9 ScrollList_Draw
0     c20a Menu_AddItem
0     c309 Menu_CursorMoved
0     c3ac Menu_SetCursor
0     c3d9 Menu_SetCursorToItem
0     c407 Menu_AdjustCursor
0     c4cc Menu_Draw
0     c614 Menu_ItemAtCursor
0     c640 Menu_ActivateItem
0     c66a Menu_DefaultKey
0     c875 Menu_Cache
0     c949 UI_RemoveBotsMenu_SetBotNames
0     c998 UI_RemoveBotsMenu_DeleteEvent
0     c9ba UI_RemoveBotsMenu_BotEvent
0     c9dc UI_RemoveBotsMenu_BackEvent
0     c9e8 UI_RemoveBotsMenu_UpEvent
0     ca03 UI_RemoveBotsMenu_DownEvent
0     ca21 UI_RemoveBotsMenu_GetBots
0     ca8c UI_RemoveBots_Cache
0     caa8 UI_RemoveBotsMenu_Init
0     cc42 UI_RemoveBotsMenu
0     cc4d UI_SaveConfigMenu_BackEvent
0     cc59 UI_SaveConfigMenu_SaveEvent
0     cc83 UI_SaveConfigMenu_SavenameDraw
0     cce8 UI_SaveConfigMenu_Init
0     cda4 UI_SaveConfigMenu_Cache
0     cdc0 UI_SaveConfigMenu
0     cdcb Favorites_Add
0     ce3d ServerInfo_Event
0     ce68 ServerInfo_MenuDraw
0     cec0 ServerInfo_MenuKey
0     cecf ServerInfo_Cache
0     cef3 UI_ServerInfoMenu
0     cff7 ArenaServers_MaxPing
0     d00f ArenaServers_Compare
0     d114 ArenaServers_Go
0     d135 ArenaServers_UpdatePicture
0     d15e ArenaServers_UpdateMenu
0     d44f ArenaServers_Remove
0     d51a ArenaServers_Insert
0     d6a4 ArenaServers_InsertFavorites
0     d703 ArenaServers_LoadFavorites
0     d7e0 ArenaServers_StopRefresh
0     d812 ArenaServers_DoRefresh
0     d98d ArenaServers_StartRefresh
0     da91 ArenaServers_SaveChanges
0     dadb ArenaServers_Sort
0     daf7 ArenaServers_SetType
0     db8e Punkbuster_ConfirmEnable
0     dbb0 Punkbuster_ConfirmDisable
0     dbd7 ArenaServers_Event
0     dcc4 ArenaServers_MenuDraw
0     dcd3 ArenaServers_MenuKey
0     dd29 ArenaServers_MenuInit
0     e0d8 ArenaServers_Cache
0     e126 UI_ArenaServersMenu
0     e131 Setup_ResetDefaults_Action
0     e14f Setup_ResetDefaults_Draw
0     e16c UI_SetupMenu_Event
0     e1b3 UI_SetupMenu_Init
0     e345 UI_SetupMenu_Cache
0     e35c UI_SetupMenu
0     e367 UI_SoundOptionsMenu_Event
0     e3e8 UI_SoundOptionsMenu_Init
0     e5a1 UI_SoundOptionsMenu_Cache
0     e5b8 UI_SoundOptionsMenu
0     e5ca UI_SPArena_Start
0     e65a SpecifyServer_Event
0     e6b4 SpecifyServer_MenuInit
0     e7a7 SpecifyServer_Cache
0     e7cb UI_SpecifyServerMenu
0     e7d6 PlayerIcon
0     e83b PlayerIconHandle
0     e851 UI_SPLevelMenu_SetBots
0     e940 UI_SPLevelMenu_SetMenuArena
0     ea04 UI_SPLevelMenu_SetMenuItems
0     ebc9 UI_SPLevelMenu_ResetDraw
0     ec00 UI_SPLevelMenu_ResetAction
0     ec19 UI_SPLevelMenu_ResetEvent
0     ec2b UI_SPLevelMenu_LevelEvent
0     ec6e UI_SPLevelMenu_LeftArrowEvent
0     ec8c UI_SPLevelMenu_RightArrowEvent
0     ecaa UI_SPLevelMenu_PlayerEvent
0     ecb6 UI_SPLevelMenu_AwardEvent
0     ecd5 UI_SPLevelMenu_NextEvent
0     ecf2 UI_SPLevelMenu_BackEvent
0     ed05 UI_SPLevelMenu_CustomEvent
0     ed13 UI_SPLevelMenu_MenuDraw
0     f020 UI_SPLevelMenu_Cache
0     f0f4 UI_SPLevelMenu_Init
0     f42b UI_SPLevelMenu
0     f4d3 UI_SPLevelMenu_f
0     f4e1 UI_SPLevelMenu_ReInit
0     f4e7 UI_SPPostgameMenu_AgainEvent
0     f4fa UI_SPPostgameMenu_NextEvent
0     f55a UI_SPPostgameMenu_MenuEvent
0     f56d UI_SPPostgameMenu_MenuKey
0     f5c6 UI_SPPostgameMenu_DrawAwardsMedals
0     f64a UI_SPPostgameMenu_DrawAwardsPresentation
0     f6c7 UI_SPPostgameMenu_MenuDrawScoreLine
0     f750 UI_SPPostgameMenu_MenuDraw
0     f8d8 UI_SPPostgameMenu_Cache
0     f942 UI_SPPostgameMenu_Init
0     f9c6 Prepname
0     fa25 UI_SPPostgameMenu_f
0     fd6c SetSkillColor
0     fd9f UI_SPSkillMenu_SkillEvent
0     fdf6 UI_SPSkillMenu_FightEvent
0     fe05 UI_SPSkillMenu_BackEvent
0     fe19 UI_SPSkillMenu_Key
0     fe3c UI_SPSkillMenu_Cache
0     fea2 UI_SPSkillMenu_Init
0    1002f UI_SPSkillMenu
0    10045 GametypeBits
0    100d1 StartServer_Update
0    10200 StartServer_MapEvent
0    1021a StartServer_GametypeEvent
0    102ce StartServer_MenuEvent
0    10332 StartServer_LevelshotDraw
0    10479 StartServer_MenuInit
0    106f8 StartServer_Cache
0    107c8 UI_StartServerMenu
0    107d7 BotAlreadySelected
0    10824 ServerOptions_Start
0    10a47 ServerOptions_InitPlayerItems
0    10af5 ServerOptions_SetPlayerItems
0    10b91 ServerOptions_Event
0    10bd5 ServerOptions_PlayerNameEvent
0    10bf3 ServerOptions_StatusBar
0    10c0c ServerOptions_LevelshotDraw
0    10c9e ServerOptions_InitBotNames
0    10df5 ServerOptions_SetMenuItems
0    10f80 PlayerName_Draw
0    11060 ServerOptions_MenuInit
0    1143a ServerOptions_Cache
0    1145b UI_ServerOptionsMenu
0    11469 UI_BotSelectMenu_SortCompare
0    114b3 UI_BotSelectMenu_BuildList
0    114fd ServerPlayerIcon
0    11562 UI_BotSelectMenu_UpdateGrid
0    116d7 UI_BotSelectMenu_Default
0    11746 UI_BotSelectMenu_LeftEvent
0    11767 UI_BotSelectMenu_RightEvent
0    1178b UI_BotSelectMenu_BotEvent
0    117f1 UI_BotSelectMenu_BackEvent
0    117fd UI_BotSelectMenu_SelectEvent
0    11821 UI_BotSelectMenu_Cache
0    11851 UI_BotSelectMenu_Init
0    11ab2 UI_BotSelectMenu
0    11ac0 TeamMain_MenuEvent
0    11b0e TeamMain_MenuInit
0    11c39 TeamMain_Cache
0    11c41 UI_TeamMainMenu
0    11c4c UI_TeamOrdersMenu_BackEvent
0    11c58 UI_TeamOrdersMenu_SetList
0    11c99 UI_TeamOrdersMenu_Key
0    11dcb UI_TeamOrdersMenu_ListDraw
0    11e45 UI_TeamOrdersMenu_ListEvent
0    11ebb UI_TeamOrdersMenu_BuildBotList
0    11faa UI_TeamOrdersMenu_Init
0    12041 UI_TeamOrdersMenu_Cache
0    12053 UI_TeamOrdersMenu
0    1205e UI_TeamOrdersMenu_f
0    120b0 DriverInfo_Event
0    120c9 DriverInfo_MenuDraw
0    1219d DriverInfo_Cache
0    121c1 UI_DriverInfo_Menu
0    122ff GraphicsOptions_GetInitialVideo
0    1232b GraphicsOptions_CheckConfig
0    123a7 GraphicsOptions_UpdateMenuItems
0    124a9 GraphicsOptions_ApplyChanges
0    125b7 GraphicsOptions_Event
0    1264e GraphicsOptions_TQEvent
0    1265f GraphicsOptions_MenuDraw
0    1266a GraphicsOptions_SetMenuItems
0    12773 GraphicsOptions_MenuInit
0    12a72 GraphicsOptions_Cache
0    12a93 UI_GraphicsOptionsMenu
0    12aa5 swapfunc
0    12b2c med3
0    12baf qsort
0    12f68 strlen
0    12f83 strcat
0    12fc6 strcpy
0    12ffb strcmp
0    13034 strchr
0    13053 strstr
0    13099 tolower
0    130b1 toupper
0    130c9 memmove
0    13110 tan
0    13127 srand
0    1312e rand
0    13143 atof
0    13208 _atof
0    132d3 atoi
0    1334b _atoi
0    133cd abs
0    133e2 fabs
0    133f7 AddInt
0    134d2 AddFloat
0    135e0 AddString
0    13677 vsprintf
0    1380f sscanf
0    6f004 _stackStart
0    7f004 _stackEnd
1       30 cvarTable
1      320 cvarTableSize
1      324 bg_itemlist
1      aa8 bg_numItems
1      b00 eventnames
1      c30 vec3_origin
1      c3c axisDefault
1      c60 colorBlack
1      c70 colorRed
1      c80 colorGreen
1      c90 colorBlue
1      ca0 colorYellow
1      cb0 colorMagenta
1      cc0 colorCyan
1      cd0 colorWhite
1      ce0 colorLtGrey
1      cf0 colorMdGrey
1      d00 colorDkGrey
1      d10 g_color_table
1      d90 bytedirs
1     1550 skillNames
1     1568 teamNames1
1     1570 teamNames2
1     157c propMap
1     1b7c propMapB
1     1d2c cinematics
1     1d54 passwordNeeded
1     1d6c controls_binding_color
1     1d7c g_bindings
1     21dc g_configcvars
1     2248 g_movement_controls
1     2278 g_weapons_controls
1     22b0 g_looking_controls
1     22e0 g_misc_controls
1     2300 g_controls
1     2470 rate_items
1     24b4 playermodel_artlist
1     2520 gamecodetoui
1     253c uitogamecode
1     2558 handicap_items
1     25ac teamoverlay_names
1     25f0 menu_text_color
1     2600 menu_dim_color
1     2610 color_black
1     2620 color_white
1     2630 color_yellow
1     2640 color_blue
1     2650 color_lightOrange
1     2660 color_orange
1     2670 color_red
1     2680 color_dim
1     2690 pulse_color
1     26a0 text_color_disabled
1     26b0 text_color_normal
1     26c0 text_color_highlight
1     26d0 listbar_color
1     26e0 text_color_status
1     2834 serverinfo_artlist
1     2848 master_items
1     2858 servertype_items
1     2870 sortkey_items
1     2888 gamenames
1     28c0 netnames
1     28dc punkbuster_msg
1     299c quality_items
1     29cc specifyserver_artlist
1     29e8 ui_medalNames
1     2a00 ui_medalPicNames
1     2a18 ui_medalSounds
1     2a30 medalLocations
1     2a5c gametype_items
1     2a70 gametype_remap
1     2a80 gametype_remap2
1     2aa4 dedicated_list
1     2ab4 playerType_list
1     2ac4 playerTeam_list
1     2ad0 botSkill_list
1     2b50 ctfOrders
1     2b70 ctfMessages
1     2b90 teamOrders
1     2bac teamMessages
1     2bc8 driverinfo_artlist
1     2bdc s_drivers
1     2be8 s_ivo_templates
1     2d80 randSeed
1     28d0 punkbuster_items
2     398e quake3worldMessage
3        0 ui_cdkeychecked
3      110 ui_server16
3      220 ui_server15
3      330 ui_server14
3      440 ui_server13
3      550 ui_server12
3      660 ui_server11
3      770 ui_server10
3      880 ui_server9
3      990 ui_server8
3      aa0 ui_server7
3      bb0 ui_server6
3      cc0 ui_server5
3      dd0 ui_server4
3      ee0 ui_server3
3      ff0 ui_server2
3     1100 ui_server1
3     1210 ui_marks
3     1320 ui_drawCrosshairNames
3     1430 ui_drawCrosshair
3     1540 ui_brassTime
3     1650 ui_browserShowEmpty
3     1760 ui_browserShowFull
3     1870 ui_browserSortKey
3     1980 ui_browserGameType
3     1a90 ui_browserMaster
3     1ba0 ui_spSelection
3     1cb0 ui_spSkill
3     1dc0 ui_spVideos
3     1ed0 ui_spAwards
3     1fe0 ui_spScores5
3     20f0 ui_spScores4
3     2200 ui_spScores3
3     2310 ui_spScores2
3     2420 ui_spScores1
3     2530 ui_botsFile
3     2640 ui_arenasFile
3     2750 ui_ctf_friendly
3     2860 ui_ctf_timelimit
3     2970 ui_ctf_capturelimit
3     2a80 ui_team_friendly
3     2b90 ui_team_timelimit
3     2ca0 ui_team_fraglimit
3     2db0 ui_tourney_timelimit
3     2ec0 ui_tourney_fraglimit
3     2fd0 ui_ffa_timelimit
3     30e0 ui_ffa_fraglimit
3    18c08 com_lines
3    18c0c com_parsename
3    1900c com_token
3    1940c addBotsMenuInfo
3    1b28c uis
3    1df44 m_entersound
3    1df48 cdkeyMenuInfo
3    1e304 cinematicsMenuInfo
3    1e844 s_confirm
3    1ea0c lastLoadingText
3    1ee0c lastConnState
3    1ee10 passwordField
3    1ef7c s_controls
3    20284 s_credits
3    203a4 s_demos
3    211d8 displayOptionsInfo
3    21600 outOfMemory
3    21604 allocPoint
3    21608 memoryPool
3    41608 ui_numSpecialSinglePlayerArenas
3    4160c ui_numSinglePlayerArenas
3    41610 ui_arenaInfos
3    42610 ui_numArenas
3    42614 ui_botInfos
3    43614 ui_numBots
3    43618 s_ingame
3    43a60 s_configs
3    44890 s_errorMessage
3    459b0 s_main
3    45d14 s_mods
3    47244 networkOptionsInfo
3    47634 s_options
3    47a24 s_playermodel
3    50ec8 jumpHeight
3    50ecc dp_realtime
3    50ed0 s_playersettings
3    5190c s_preferences
3    51ea4 sliderButton_1
3    51ea8 sliderButton_0
3    51eac sliderBar
3    51eb0 weaponChangeSound
3    51eb4 menu_null_sound
3    51eb8 menu_buzz_sound
3    51ebc menu_out_sound
3    51ec0 menu_move_sound
3    51ec4 menu_in_sound
3    51ec8 removeBotsMenuInfo
3    53524 saveConfig
3    538e0 s_serverinfo
3    5401c g_fullservers
3    54020 g_emptyservers
3    54024 g_sortkey
3    54028 g_gametype
3    5402c g_servertype
3    54030 g_nummplayerservers
3    54034 g_mplayerserverlist
3    58c34 g_numfavoriteservers
3    58c38 g_favoriteserverlist
3    595b8 g_numlocalservers
3    595bc g_localserverlist
3    5e1bc g_numglobalservers
3    5e1c0 g_globalserverlist
3    62dc0 g_arenaservers
3    66884 setupMenuInfo
3    66ca4 soundOptionsInfo
3    6712c s_specifyserver
3    6768c maxTier
3    67690 minTier
3    67694 finalTier
3    67698 trainingTier
3    6769c currentGame
3    676a0 currentSet
3    676a4 selectedArena
3    676a8 selectedArenaSet
3    676ac levelMenuInfo
3    680e4 arenainfo
3    684e4 postgameMenuInfo
3    688a0 skillMenuInfo
3    68e70 botSelectInfo
3    6b620 s_serveroptions
3    6cdb8 s_startserver
3    6da5c s_teammain
3    6dcf4 teamOrdersMenuInfo
3    6e02c s_graphicsoptions
3    6e868 s_ivo
3    6e890 s_driverinfo
