0 ffffff90 acos
0 ffffff91 testPrintFloat
0 ffffff92 testPrintInt
0 ffffff93 ceil
0 ffffff94 floor
0 ffffff95 sqrt
0 ffffff96 atan2
0 ffffff97 cos
0 ffffff98 sin
0 ffffff99 strncpy
0 ffffff9a memcpy
0 ffffff9b memset
0 ffffffa6 trap_FS_Seek
0 ffffffa7 trap_R_inPVS
0 ffffffa8 trap_R_AddPolysToScene
0 ffffffa9 trap_GetEntityToken
0 ffffffaa trap_R_AddAdditiveLightToScene
0 ffffffab trap_CM_TransformedCapsuleTrace
0 ffffffac trap_CM_CapsuleTrace
0 ffffffad trap_CM_TempCapsuleModel
0 ffffffae trap_S_StopLoopingSound
0 ffffffaf trap_S_AddRealLoopingSound
0 ffffffb0 trap_R_RemapShader
0 ffffffb1 trap_CIN_SetExtents
0 ffffffb2 trap_CIN_DrawCinematic
0 ffffffb3 trap_CIN_RunCinematic
0 ffffffb4 trap_CIN_StopCinematic
0 ffffffb5 trap_CIN_PlayCinematic
0 ffffffb6 trap_R_LightForPoint
0 ffffffb7 trap_RemoveCommand
0 ffffffb8 trap_SnapVector
0 ffffffb9 trap_RealTime
0 ffffffba trap_S_StopBackgroundTrack
0 ffffffbb trap_PC_SourceFileAndLine
0 ffffffbc trap_PC_ReadToken
0 ffffffbd trap_PC_FreeSource
0 ffffffbe trap_PC_LoadSource
0 ffffffbf trap_PC_AddGlobalDefine
0 ffffffc0 trap_Key_GetKey
0 ffffffc1 trap_Key_SetCatcher
0 ffffffc2 trap_Key_GetCatcher
0 ffffffc3 trap_Key_IsDown
0 ffffffc4 trap_R_RegisterFont
0 ffffffc5 trap_MemoryRemaining
0 ffffffc6 trap_R_RegisterShaderNoMip
0 ffffffc7 trap_SetUserCmdValue
0 ffffffc8 trap_GetUserCmd
0 ffffffc9 trap_GetCurrentCmdNumber
0 ffffffca trap_GetServerCommand
0 ffffffcb trap_GetSnapshot
0 ffffffcc trap_GetCurrentSnapshotNumber
0 ffffffcd trap_GetGameState
0 ffffffce trap_GetGlconfig
0 ffffffcf trap_R_LerpTag
0 ffffffd0 trap_R_ModelBounds
0 ffffffd1 trap_R_DrawStretchPic
0 ffffffd2 trap_R_SetColor
0 ffffffd3 trap_R_RenderScene
0 ffffffd4 trap_R_AddLightToScene
0 ffffffd5 trap_R_AddPolyToScene
0 ffffffd6 trap_R_AddRefEntityToScene
0 ffffffd7 trap_R_ClearScene
0 ffffffd8 trap_R_RegisterShader
0 ffffffd9 trap_R_RegisterSkin
0 ffffffda trap_R_RegisterModel
0 ffffffdb trap_R_LoadWorldMap
0 ffffffdc trap_S_StartBackgroundTrack
0 ffffffdd trap_S_RegisterSound
0 ffffffde trap_S_Respatialize
0 ffffffdf trap_S_UpdateEntityPosition
0 ffffffe0 trap_S_AddLoopingSound
0 ffffffe1 trap_S_ClearLoopingSounds
0 ffffffe2 trap_S_StartLocalSound
0 ffffffe3 trap_S_StartSound
0 ffffffe4 trap_CM_MarkFragments
0 ffffffe5 trap_CM_TransformedBoxTrace
0 ffffffe6 trap_CM_BoxTrace
0 ffffffe7 trap_CM_TransformedPointContents
0 ffffffe8 trap_CM_PointContents
0 ffffffe9 trap_CM_TempBoxModel
0 ffffffea trap_CM_LoadModel
0 ffffffeb trap_CM_InlineModel
0 ffffffec trap_CM_NumInlineModels
0 ffffffed trap_CM_LoadMap
0 ffffffee trap_UpdateScreen
0 ffffffef trap_SendClientCommand
0 fffffff0 trap_AddCommand
0 fffffff1 trap_SendConsoleCommand
0 fffffff2 trap_FS_FCloseFile
0 fffffff3 trap_FS_Write
0 fffffff4 trap_FS_Read
0 fffffff5 trap_FS_FOpenFile
0 fffffff6 trap_Args
0 fffffff7 trap_Argv
0 fffffff8 trap_Argc
0 fffffff9 trap_Cvar_VariableStringBuffer
0 fffffffa trap_Cvar_Set
0 fffffffb trap_Cvar_Update
0 fffffffc trap_Cvar_Register
0 fffffffd trap_Milliseconds
0 fffffffe trap_Error
0 ffffffff trap_Print
0        0 vmMain
0       87 CG_RegisterCvars
0       ff CG_ForceModelChange
0      12a CG_UpdateCvars
0      17d CG_CrosshairPlayer
0      18e CG_LastAttacker
0      19f CG_Printf
0      1b8 CG_Error
0      1d1 Com_Error
0      1ec Com_Printf
0      207 CG_Argv
0      216 CG_RegisterItemSounds
0      2b3 CG_RegisterSounds
0      790 CG_RegisterGraphics
0      c2c CG_BuildSpectatorString
0      c80 CG_RegisterClients
0      cc7 CG_ConfigString
0      ce8 CG_StartMusic
0      d1c CG_Init
0      e36 CG_Shutdown
0      e39 CG_EventHandling
0      e3c CG_KeyEvent
0      e3f CG_MouseEvent
0      e42 BG_FindItemForPowerup
0      e85 BG_FindItemForHoldable
0      ebf BG_FindItemForWeapon
0      ef2 BG_FindItem
0      f1d BG_PlayerTouchesItem
0      f7d BG_CanItemBeGrabbed
0     10ae BG_EvaluateTrajectory
0     127e BG_EvaluateTrajectoryDelta
0     1378 BG_AddPredictableEventToPlayerstate
0     13b3 BG_TouchJumpPad
0     1423 BG_PlayerStateToEntityState
0     161d BG_PlayerStateToEntityStateExtraPolate
0     1824 PM_AddEvent
0     1833 PM_AddTouchEnt
0     1888 PM_StartTorsoAnim
0     18ae PM_StartLegsAnim
0     18de PM_ContinueLegsAnim
0     18fe PM_ContinueTorsoAnim
0     191e PM_ForceLegsAnim
0     192e PM_ClipVelocity
0     19a7 PM_Friction
0     1a9a PM_Accelerate
0     1b16 PM_CmdScale
0     1bba PM_SetMovementDir
0     1d06 PM_CheckJump
0     1d93 PM_CheckWaterJump
0     1e7a PM_WaterJumpMove
0     1ebb PM_WaterMove
0     1fec PM_FlyMove
0     2077 PM_AirMove
0     211a PM_GrappleMove
0     21d1 PM_WalkMove
0     23cd PM_DeadMove
0     2446 PM_NoclipMove
0     259a PM_FootstepForSurface
0     25b3 PM_CrashLand
0     26b0 PM_CorrectAllSolid
0     2797 PM_GroundTraceMissed
0     2830 PM_GroundTrace
0     29a1 PM_SetWaterLevel
0     2a6e PM_CheckDuck
0     2bbf PM_Footsteps
0     2d31 PM_WaterEvents
0     2d88 PM_BeginWeaponChange
0     2dd2 PM_FinishWeaponChange
0     2e1a PM_TorsoAnimation
0     2e39 PM_Weapon
0     305f PM_Animate
0     3084 PM_DropTimers
0     310e PM_UpdateViewAngles
0     31b2 PmoveSingle
0     3485 Pmove
0     3511 PM_SlideMove
0     3901 PM_StepSlideMove
0     3a92 Q_rand
0     3aa7 Q_random
0     3ab9 Q_crandom
0     3aca VectorCompare
0     3b02 VectorLength
0     3b35 VectorLengthSquared
0     3b61 Distance
0     3ba2 DistanceSquared
0     3bf0 VectorNormalizeFast
0     3c4f VectorInverse
0     3c77 CrossProduct
0     3cf0 ClampChar
0     3d07 ClampShort
0     3d1e DirToByte
0     3d79 ByteToDir
0     3d97 ColorBytes3
0     3e06 ColorBytes4
0     3e98 NormalizeColor
0     3f0e PlaneFromPoints
0     3fcc RotatePointAroundVector
0     40d7 RotateAroundDirection
0     411b vectoangles
0     41d7 AnglesToAxis
0     420c AxisClear
0     4243 AxisCopy
0     4267 ProjectPointOnPlane
0     4322 MakeNormalVectors
0     43cd VectorRotate
0     446a Q_rsqrt
0     44a1 Q_fabs
0     44b1 LerpAngle
0     44e2 AngleSubtract
0     4507 AnglesSubtract
0     4555 AngleMod
0     4567 AngleNormalize360
0     4575 AngleNormalize180
0     4590 AngleDelta
0     45a0 SetPlaneSignbits
0     45cd BoxOnPlaneSide
0     498e RadiusFromBounds
0     49e1 ClearBounds
0     4a18 AddPointToBounds
0     4ab1 VectorNormalize
0     4b21 VectorNormalize2
0     4baf _VectorMA
0     4bf1 _DotProduct
0     4c26 _VectorSubtract
0     4c5f _VectorAdd
0     4c98 _VectorCopy
0     4cbf _VectorScale
0     4cef Vector4Scale
0     4d31 Q_log2
0     4d50 MatrixMultiply
0     4f25 AngleVectors
0     501d PerpendicularVector
0     5089 Com_Clamp
0     50a3 COM_SkipPath
0     50c7 COM_StripExtension
0     50fd COM_DefaultExtension
0     5145 ShortSwap
0     5165 ShortNoSwap
0     5170 LongSwap
0     51a3 LongNoSwap
0     51a9 Long64Swap
0     51e6 Long64NoSwap
0     51ee FloatSwap
0     5204 FloatNoSwap
0     520b COM_BeginParseSession
0     521d COM_GetCurrentParseLine
0     5223 COM_Parse
0     5232 COM_ParseError
0     5252 COM_ParseWarning
0     5272 SkipWhitespace
0     52a9 COM_Compress
0     53fc COM_ParseExt
0     5548 COM_MatchToken
0     5571 SkipBracedSection
0     55af SkipRestOfLine
0     55e7 Parse1DMatrix
0     5626 Parse2DMatrix
0     5661 Parse3DMatrix
0     56a6 Q_isprint
0     56bb Q_islower
0     56d0 Q_isupper
0     56e5 Q_isalpha
0     5706 Q_strrchr
0     573a Q_strncpyz
0     5775 Q_stricmpn
0     5800 Q_strncmp
0     5852 Q_stricmp
0     587a Q_strlwr
0     58a0 Q_strupr
0     58c6 Q_strcat
0     58f2 Q_PrintStrlen
0     5942 Q_CleanStr
0     59a8 Com_sprintf
0     59e7 va
0     5a14 Info_ValueForKey
0     5af4 Info_NextPair
0     5b92 Info_RemoveKey
0     5c62 Info_RemoveKey_Big
0     5d32 Info_Validate
0     5d59 Info_SetValueForKey
0     5e29 Info_SetValueForKey_Big
0     5ef1 CG_TargetCommand_f
0     5f23 CG_SizeUp_f
0     5f39 CG_SizeDown_f
0     5f4f CG_Viewpos_f
0     5f67 CG_ScoresDown_f
0     5f89 CG_ScoresUp_f
0     5f97 CG_TellTarget_f
0     5fc2 CG_TellAttacker_f
0     5fed CG_VoiceTellTarget_f
0     6018 CG_VoiceTellAttacker_f
0     6043 CG_StartOrbit_f
0     608b CG_ConsoleCommand
0     60c9 CG_InitConsoleCommands
0     616d CG_DrawField
0     629c CG_Draw3DModel
0     6315 CG_DrawHead
0     63ce CG_DrawFlagModel
0     64b3 CG_DrawStatusBarHead
0     6620 CG_DrawStatusBarFlag
0     6639 CG_DrawTeamBackground
0     667c CG_DrawStatusBar
0     6877 CG_DrawAttacker
0     691c CG_DrawSnapshot
0     695c CG_DrawFPS
0     69e9 CG_DrawTimer
0     6a51 CG_DrawTeamOverlay
0     6d90 CG_DrawUpperRight
0     6dee CG_DrawScores
0     7146 CG_DrawPowerups
0     72f4 CG_DrawLowerRight
0     7327 CG_DrawPickupItem
0     7399 CG_DrawLowerLeft
0     73cd CG_DrawTeamInfo
0     74f5 CG_DrawHoldableItem
0     7521 CG_DrawReward
0     764a CG_AddLagometerFrameInfo
0     766a CG_AddLagometerSnapshotInfo
0     76ad CG_DrawDisconnect
0     7723 CG_DrawLagometer
0     793d CG_CenterPrint
0     797b CG_DrawCenterString
0     7a51 CG_DrawCrosshair
0     7b28 CG_ScanForCrosshairEntity
0     7b97 CG_DrawCrosshairNames
0     7bfa CG_DrawSpectator
0     7c28 CG_DrawVote
0     7c73 CG_DrawTeamVote
0     7cf3 CG_DrawScoreboard
0     7cfd CG_DrawIntermission
0     7d15 CG_DrawFollow
0     7d78 CG_DrawAmmoWarning
0     7db1 CG_DrawWarmup
0     7fb9 CG_Draw2D
0     803e CG_DrawTourneyScoreboard
0     8044 CG_DrawActive
0     80cf CG_AdjustFrom640
0     8106 CG_FillRect
0     8140 CG_DrawSides
0     81a1 CG_DrawTopBottom
0     8202 CG_DrawRect
0     8234 CG_DrawPic
0     8266 CG_DrawChar
0     82d5 CG_DrawStringExt
0     8404 CG_DrawBigString
0     843c CG_DrawBigStringColor
0     8462 CG_DrawSmallString
0     8496 CG_DrawSmallStringColor
0     84b7 CG_DrawStrlen
0     84ff CG_TileClearBox
0     8546 CG_TileClear
0     85dd CG_FadeColor
0     8621 CG_TeamColor
0     8644 CG_GetColorForHealth
0     86dd CG_ColorForHealth
0     86f2 UI_DrawBannerString2
0     87b8 UI_DrawBannerString
0     8866 UI_ProportionalStringWidth
0     88a9 UI_DrawProportionalString2
0     8974 UI_ProportionalSizeScale
0     8983 UI_DrawProportionalString
0     8ad7 CG_BubbleTrail
0     8c75 CG_SmokePuff
0     8dfd CG_SpawnEffect
0     8e95 CG_ScorePlum
0     8f62 CG_MakeExplosion
0     906d CG_Bleed
0     90d5 CG_LaunchGib
0     9154 CG_GibPlayer
0     9453 CG_LaunchExplode
0     94d2 CG_BigExplode
0     965e CG_PositionEntityOnTag
0     9723 CG_PositionRotatedEntityOnTag
0     97e5 CG_SetEntitySoundPosition
0     9842 CG_EntityEffects
0     98db CG_General
0     9938 CG_Speaker
0     999b CG_Item
0     9c79 CG_Missile
0     9d8a CG_Grapple
0     9dfd CG_Mover
0     9e6f CG_Beam
0     9e9b CG_Portal
0     9f0a CG_AdjustPositionForMover
0     9fc6 CG_InterpolateEntityPosition
0     a086 CG_CalcEntityLerpPositions
0     a125 CG_TeamBase
0     a171 CG_AddCEntity
0     a1fb CG_AddPacketEntities
0     a2a9 CG_PlaceString
0     a353 CG_Obituary
0     a5af CG_UseItem
0     a653 CG_ItemPickup
0     a685 CG_PainEvent
0     a6e0 CG_EntityEvent
0     b15a CG_CheckEvents
0     b1f0 CG_DrawLoadingIcons
0     b26d CG_LoadingString
0     b27d CG_LoadingItem
0     b2be CG_LoadingClient
0     b3b5 CG_DrawInformation
0     b63a CG_InitLocalEntities
0     b670 CG_FreeLocalEntity
0     b6a9 CG_AllocLocalEntity
0     b6e7 CG_BloodTrail
0     b75c CG_FragmentBounceMark
0     b7ff CG_FragmentBounceSound
0     b853 CG_ReflectVelocity
0     b949 CG_AddFragment
0     ba51 CG_AddFadeRGB
0     bb23 CG_AddMoveScaleFade
0     bc0e CG_AddScaleFade
0     bca7 CG_AddFallScaleFade
0     bd59 CG_AddExplosion
0     bdca CG_AddSpriteExplosion
0     be96 CG_AddScorePlum
0     c0cc CG_AddLocalEntities
0     c154 CG_InitMarkPolys
0     c18a CG_FreeMarkPoly
0     c1c3 CG_AllocMark
0     c21a CG_ImpactMark
0     c4f4 CG_AddMarks
0     c711 CG_ClearParticles
0     c7b4 CG_AddParticleToScene
0     dfde CG_AddParticles
0     e1e3 CG_ParticleSnowFlurry
0     e37f CG_ParticleSnow
0     e4d5 CG_ParticleBubble
0     e654 CG_ParticleSmoke
0     e753 CG_ParticleBulletDebris
0     e814 CG_ParticleExplosion
0     e91f CG_AddParticleShrapnel
0     e922 CG_NewParticleArea
0     ea63 CG_SnowLink
0     eaa9 CG_ParticleImpactSmokePuff
0     eb8c CG_Particle_Bleed
0     ec70 CG_Particle_OilParticle
0     ed72 CG_Particle_OilSlick
0     eeb3 CG_OilSlickRemove
0     eefe ValidBloodPool
0     f004 CG_BloodPool
0     f0fd CG_ParticleBloodCloud
0     f239 CG_ParticleSparks
0     f3af CG_ParticleDust
0     f5b5 CG_ParticleMisc
0     f655 CG_CustomSound
0     f6c5 CG_ParseAnimationFile
0     fb0c CG_FileExists
0     fb28 CG_FindClientModelFile
0     fc94 CG_FindClientHeadFile
0     fe11 CG_RegisterClientSkin
0     fede CG_RegisterClientModelname
0    1013a CG_ColorFromString
0    1019e CG_LoadClientInfo
0    10368 CG_CopyClientInfoModel
0    10437 CG_ScanForExistingClientInfo
0    10515 CG_SetDeferredClientInfo
0    1063f CG_NewClientInfo
0    1095d CG_LoadDeferredPlayers
0    109a5 CG_SetLerpFrameAnimation
0    109fb CG_RunLerpFrame
0    10bdd CG_ClearLerpFrame
0    10c1a CG_PlayerAnimation
0    10ce0 CG_SwingAngles
0    10de5 CG_AddPainTwitch
0    10e2c CG_PlayerAngles
0    11019 CG_HasteTrail
0    11096 CG_TrailItem
0    110f5 CG_PlayerFlag
0    1129e CG_PlayerPowerups
0    113cf CG_PlayerFloatSprite
0    1141b CG_PlayerSprites
0    114f1 CG_PlayerShadow
0    11580 CG_PlayerSplash
0    11673 CG_AddRefEntityWithPowerups
0    116eb CG_LightVerts
0    1181b CG_Player
0    11991 CG_ResetPlayerEntity
0    11a91 CG_CheckAmmo
0    11b10 CG_DamageFeedback
0    11c53 CG_Respawn
0    11c64 CG_CheckPlayerstateEvents
0    11d46 CG_CheckChangedPredictableEvents
0    11dd3 pushReward
0    11e00 CG_CheckLocalSounds
0    12171 CG_TransitionPlayerState
0    12227 CG_BuildSolidList
0    122b6 CG_ClipMoveToEntities
0    123a7 CG_Trace
0    123eb CG_PointContents
0    1245b CG_InterpolatePlayerState
0    12590 CG_TouchItem
0    12641 CG_TouchTriggerPrediction
0    126f4 CG_PredictPlayerState
0    12994 CG_DrawClientScore
0    12cc0 CG_TeamScoreboard
0    12d39 CG_DrawOldScoreboard
0    130d7 CG_CenterGiantLine
0    13117 CG_DrawOldTourneyScoreboard
0    132de CG_ParseScores
0    13502 CG_ParseTeamInfo
0    135d1 CG_ParseServerinfo
0    136c8 CG_ParseWarmup
0    1370b CG_SetConfigValues
0    13772 CG_ShaderStateChanged
0    1382a CG_ConfigStringModified
0    139ec CG_AddToTeamChat
0    13b67 CG_MapRestart
0    13baf CG_ParseVoiceChats
0    13e1d CG_LoadVoiceChats
0    13e7f CG_HeadModelVoiceChats
0    13f19 CG_GetVoiceChat
0    13f8d CG_VoiceChatListForClient
0    1415b CG_PlayVoiceChat
0    1415e CG_PlayBufferedVoiceChats
0    14161 CG_AddBufferedVoiceChat
0    14164 CG_VoiceChatLocal
0    14167 CG_VoiceChat
0    1416a CG_RemoveChatEscapeChar
0    141b0 CG_ServerCommand
0    14353 CG_ExecuteNewServerCommands
0    1437a CG_ResetEntity
0    143be CG_TransitionEntity
0    143eb CG_SetInitialSnapshot
0    14463 CG_TransitionSnapshot
0    14557 CG_SetNextSnap
0    1462c CG_ReadNextSnapshot
0    1469b CG_ProcessSnapshots
0    1474b CG_TestModel_f
0    147d6 CG_TestGun_f
0    147e2 CG_TestModelNextFrame_f
0    147f8 CG_TestModelPrevFrame_f
0    14815 CG_TestModelNextSkin_f
0    1482b CG_TestModelPrevSkin_f
0    14848 CG_AddTestModel
0    148d3 CG_CalcVrect
0    14940 CG_OffsetThirdPersonView
0    14ab9 CG_StepOffset
0    14adb CG_OffsetFirstPersonView
0    14d08 CG_ZoomDown_f
0    14d18 CG_ZoomUp_f
0    14d28 CG_CalcFov
0    14e39 CG_DamageBlendBlob
0    14f13 CG_CalcViewValues
0    15027 CG_PowerupTimerSounds
0    15077 CG_AddBufferedSound
0    150a1 CG_PlayBufferedSounds
0    150da CG_DrawActiveFrame
0    15216 CG_MachineGunEjectBrass
0    153fd CG_ShotgunEjectBrass
0    15612 CG_RailTrail
0    159c4 CG_RocketTrail
0    15ab2 CG_PlasmaTrail
0    15d71 CG_GrappleTrail
0    15e02 CG_GrenadeTrail
0    15e0e CG_RegisterWeapon
0    16336 CG_RegisterItemVisuals
0    163d9 CG_MapTorsoToWeaponFrame
0    1644a CG_CalculateWeaponPosition
0    1652f CG_LightningBolt
0    166e4 CG_SpawnRailTrail
0    16718 CG_MachinegunSpinAngle
0    167ae CG_AddWeaponWithPowerups
0    167f2 CG_AddPlayerWeapon
0    16ae3 CG_AddViewWeapon
0    16c4c CG_DrawWeaponSelect
0    16d6e CG_WeaponSelectable
0    16d93 CG_NextWeapon_f
0    16de9 CG_PrevWeapon_f
0    16e3f CG_Weapon_f
0    16e84 CG_OutOfAmmoChange
0    16ea9 CG_FireWeapon
0    16f66 CG_MissileHitWall
0    171df CG_MissileHitPlayer
0    17209 CG_ShotgunPellet
0    172f4 CG_ShotgunPattern
0    173aa CG_ShotgunFire
0    17481 CG_Tracer
0    1769a CG_CalcMuzzlePoint
0    17796 CG_Bullet
0    1786a swapfunc
0    178f1 med3
0    17974 qsort
0    17d2d strlen
0    17d48 strcat
0    17d8b strcpy
0    17dc0 strcmp
0    17df9 strchr
0    17e18 strstr
0    17e5e tolower
0    17e76 toupper
0    17e8e memmove
0    17ed5 tan
0    17eec srand
0    17ef3 rand
0    17f08 atof
0    17fcd _atof
0    18098 atoi
0    18110 _atoi
0    18192 abs
0    181a7 fabs
0    181bc AddInt
0    18297 AddFloat
0    183a5 AddString
0    1843c vsprintf
0    185d4 sscanf
0   39d8cc _stackStart
0   3ad8cc _stackEnd
1        4 forceModelModificationCount
1       2c cvarTable
1      5bc cvarTableSize
1      5ec bg_itemlist
1      d70 bg_numItems
1      dc8 eventnames
1      ef8 pm_stopspeed
1      efc pm_duckScale
1      f00 pm_swimScale
1      f04 pm_wadeScale
1      f08 pm_accelerate
1      f0c pm_airaccelerate
1      f10 pm_wateraccelerate
1      f14 pm_flyaccelerate
1      f18 pm_friction
1      f1c pm_waterfriction
1      f20 pm_flightfriction
1      f24 pm_spectatorfriction
1      f28 c_pmove
1      f54 vec3_origin
1      f60 axisDefault
1      f84 colorBlack
1      f94 colorRed
1      fa4 colorGreen
1      fb4 colorBlue
1      fc4 colorYellow
1      fd4 colorMagenta
1      fe4 colorCyan
1      ff4 colorWhite
1     1004 colorLtGrey
1     1014 colorMdGrey
1     1024 colorDkGrey
1     1034 g_color_table
1     10b4 bytedirs
1     1874 commands
1     192c drawTeamOverlayModificationCount
1     19e0 propMap
1     1fe0 propMapB
1     2384 shaderAnimNames
1     2404 shaderAnimCounts
1     2484 shaderAnimSTRatio
1     2504 cl_numparticles
1     2508 initparticles
1     250c roll
1     2510 cg_customSoundNames
1     2624 numValidOrders
1     2688 randSeed
1     25dc validOrders
3      400 cg_pmove_msec
3      510 cg_hudFiles
3      620 cg_trueLightning
3      730 cg_oldPlasma
3      840 cg_oldRocket
3      950 cg_oldRail
3      a60 cg_noProjectileTrail
3      b70 cg_noTaunt
3      c80 cg_bigFont
3      d90 cg_smallFont
3      ea0 cg_cameraMode
3      fb0 cg_timescale
3     10c0 cg_timescaleFadeSpeed
3     11d0 cg_timescaleFadeEnd
3     12e0 cg_cameraOrbitDelay
3     13f0 cg_cameraOrbit
3     1500 pmove_msec
3     1610 pmove_fixed
3     1720 cg_smoothClients
3     1830 cg_scorePlum
3     1940 cg_noVoiceText
3     1a50 cg_noVoiceChats
3     1b60 cg_teamChatsOnly
3     1c70 cg_drawFriend
3     1d80 cg_deferPlayers
3     1e90 cg_predictItems
3     1fa0 cg_blood
3     20b0 cg_paused
3     21c0 cg_buildScript
3     22d0 cg_forceModel
3     23e0 cg_stats
3     24f0 cg_teamChatHeight
3     2600 cg_teamChatTime
3     2710 cg_synchronousClients
3     2820 cg_drawAttacker
3     2930 cg_lagometer
3     2a40 cg_stereoSeparation
3     2b50 cg_thirdPerson
3     2c60 cg_thirdPersonAngle
3     2d70 cg_thirdPersonRange
3     2e80 cg_zoomFov
3     2f90 cg_fov
3     30a0 cg_simpleItems
3     31b0 cg_ignore
3     32c0 cg_autoswitch
3     33d0 cg_tracerLength
3     34e0 cg_tracerWidth
3     35f0 cg_tracerChance
3     3700 cg_viewsize
3     3810 cg_drawGun
3     3920 cg_gun_z
3     3a30 cg_gun_y
3     3b40 cg_gun_x
3     3c50 cg_gun_frame
3     3d60 cg_brassTime
3     3e70 cg_addMarks
3     3f80 cg_footsteps
3     4090 cg_showmiss
3     41a0 cg_noPlayerAnims
3     42b0 cg_nopredict
3     43c0 cg_errorDecay
3     44d0 cg_railTrailTime
3     45e0 cg_debugEvents
3     46f0 cg_debugPosition
3     4800 cg_debugAnim
3     4910 cg_animSpeed
3     4a20 cg_draw2D
3     4b30 cg_drawStatus
3     4c40 cg_crosshairHealth
3     4d50 cg_crosshairSize
3     4e60 cg_crosshairY
3     4f70 cg_crosshairX
3     5080 cg_teamOverlayUserinfo
3     5190 cg_drawTeamOverlay
3     52a0 cg_drawRewards
3     53b0 cg_drawCrosshairNames
3     54c0 cg_drawCrosshair
3     55d0 cg_drawAmmoWarning
3     56e0 cg_drawIcons
3     57f0 cg_draw3dIcons
3     5900 cg_drawSnapshot
3     5a10 cg_drawFPS
3     5b20 cg_drawTimer
3     5c30 cg_gibs
3     5d40 cg_shadows
3     5e50 cg_swingSpeed
3     5f60 cg_bobroll
3     6070 cg_bobpitch
3     6180 cg_bobup
3     6290 cg_runroll
3     63a0 cg_runpitch
3     64b0 cg_centertime
3     65c0 cg_items
3     7dc0 cg_weapons
3     8640 cg_entities
3    be640 cg
3    dce80 cgs
3   102594 pml
3   102620 pm
3   11803c com_lines
3   118040 com_parsename
3   118440 com_token
3   118858 lagometer
3   118e60 teamChat2
3   118f60 teamChat1
3   119060 systemChat
3   119160 numSortedTeamPlayers
3   119164 sortedTeamPlayers
3   119240 loadingItemIcons
3   1192a8 loadingPlayerIcons
3   1192e8 loadingItemIconCount
3   1192ec loadingPlayerIconCount
3   1192f0 cg_freeLocalEntities
3   1192f4 cg_activeLocalEntities
3   119418 cg_localEntities
3   13dc18 oldtime
3   13dc1c rup
3   13dc28 rright
3   13dc34 rforward
3   13dc40 pvup
3   13dc4c pvright
3   13dc58 pvforward
3   13dc64 particles
3   15cc64 free_particles
3   15cc68 active_particles
3   15cc6c numShaderAnims
3   15cc70 shaderAnims
3   15ec70 markTotal
3   15ec74 cg_freeMarkPolys
3   15ec78 cg_activeMarkPolys
3   15ed98 cg_markPolys
3   170d98 cg_triggerEntities
3   171198 cg_numTriggerEntities
3   17119c cg_solidEntities
3   17159c cg_numSolidEntities
3   1715a0 cg_pmove
3   171688 localClient
3   17168c voiceChatBuffer
3   173d8c headModelVoiceChat
3   174e8c voiceChatLists
