0 fffffdba trap_BotLibSourceFileAndLine
0 fffffdbb trap_BotLibReadToken
0 fffffdbc trap_BotLibFreeSource
0 fffffdbd trap_BotLibLoadSource
0 fffffdbe trap_AAS_PointReachabilityAreaIndex
0 fffffdbf trap_AAS_PredictRoute
0 fffffdc0 trap_AAS_AlternativeRouteGoals
0 fffffdc1 trap_BotAddAvoidSpot
0 fffffdc2 trap_BotSetAvoidGoalTime
0 fffffdc3 trap_BotPredictVisiblePosition
0 fffffdc4 trap_BotRemoveFromAvoidGoals
0 fffffdc5 trap_BotGetChatMessage
0 fffffdc6 trap_BotNumInitialChats
0 fffffdc7 trap_BotGetMapLocationGoal
0 fffffdc8 trap_BotGetNextCampSpotGoal
0 fffffdc9 trap_BotMutateGoalFuzzyLogic
0 fffffdca trap_BotInterbreedGoalFuzzyLogic
0 fffffdcb trap_GeneticParentsAndChildSelection
0 fffffdcc trap_BotResetWeaponState
0 fffffdcd trap_BotFreeWeaponState
0 fffffdce trap_BotAllocWeaponState
0 fffffdcf trap_BotLoadWeaponWeights
0 fffffdd0 trap_BotGetWeaponInfo
0 fffffdd1 trap_BotChooseBestFightWeapon
0 fffffdd2 trap_BotInitMoveState
0 fffffdd3 trap_BotFreeMoveState
0 fffffdd4 trap_BotAllocMoveState
0 fffffdd5 trap_BotMovementViewTarget
0 fffffdd6 trap_BotReachabilityArea
0 fffffdd7 trap_BotResetLastAvoidReach
0 fffffdd8 trap_BotResetAvoidReach
0 fffffdd9 trap_BotMoveInDirection
0 fffffdda trap_BotMoveToGoal
0 fffffddb trap_BotResetMoveState
0 fffffddc trap_BotFreeGoalState
0 fffffddd trap_BotAllocGoalState
0 fffffdde trap_BotFreeItemWeights
0 fffffdde trap_BotSaveGoalFuzzyLogic
0 fffffde0 trap_BotLoadItemWeights
0 fffffde1 trap_BotUpdateEntityItems
0 fffffde2 trap_BotInitLevelItems
0 fffffde3 trap_BotAvoidGoalTime
0 fffffde4 trap_BotGetLevelItemGoal
0 fffffde5 trap_BotItemGoalInVisButNotVisible
0 fffffde6 trap_BotTouchingGoal
0 fffffde7 trap_BotChooseNBGItem
0 fffffde8 trap_BotChooseLTGItem
0 fffffde9 trap_BotGetSecondGoal
0 fffffdea trap_BotGetTopGoal
0 fffffdeb trap_BotGoalName
0 fffffdec trap_BotDumpGoalStack
0 fffffded trap_BotDumpAvoidGoals
0 fffffdee trap_BotEmptyGoalStack
0 fffffdef trap_BotPopGoal
0 fffffdf0 trap_BotPushGoal
0 fffffdf1 trap_BotResetAvoidGoals
0 fffffdf2 trap_BotResetGoalState
0 fffffdf3 trap_BotSetChatName
0 fffffdf4 trap_BotSetChatGender
0 fffffdf5 trap_BotLoadChatFile
0 fffffdf6 trap_BotReplaceSynonyms
0 fffffdf7 trap_UnifyWhiteSpaces
0 fffffdf8 trap_BotMatchVariable
0 fffffdf9 trap_BotFindMatch
0 fffffdfa trap_StringContains
0 fffffdfb trap_BotEnterChat
0 fffffdfc trap_BotChatLength
0 fffffdfd trap_BotReplyChat
0 fffffdfe trap_BotInitialChat
0 fffffdff trap_BotNumConsoleMessages
0 fffffe00 trap_BotNextConsoleMessage
0 fffffe01 trap_BotRemoveConsoleMessage
0 fffffe02 trap_BotQueueConsoleMessage
0 fffffe03 trap_BotFreeChatState
0 fffffe04 trap_BotAllocChatState
0 fffffe05 trap_Characteristic_String
0 fffffe06 trap_Characteristic_BInteger
0 fffffe07 trap_Characteristic_Integer
0 fffffe08 trap_Characteristic_BFloat
0 fffffe09 trap_Characteristic_Float
0 fffffe0a trap_BotFreeCharacter
0 fffffe0b trap_BotLoadCharacter
0 fffffe58 trap_EA_ResetInput
0 fffffe59 trap_EA_GetInput
0 fffffe5a trap_EA_EndRegular
0 fffffe5b trap_EA_View
0 fffffe5c trap_EA_Move
0 fffffe5d trap_EA_DelayedJump
0 fffffe5e trap_EA_Jump
0 fffffe5f trap_EA_SelectWeapon
0 fffffe60 trap_EA_MoveRight
0 fffffe61 trap_EA_MoveLeft
0 fffffe62 trap_EA_MoveBack
0 fffffe63 trap_EA_MoveForward
0 fffffe64 trap_EA_MoveDown
0 fffffe65 trap_EA_MoveUp
0 fffffe66 trap_EA_Crouch
0 fffffe67 trap_EA_Respawn
0 fffffe68 trap_EA_Use
0 fffffe69 trap_EA_Attack
0 fffffe6a trap_EA_Talk
0 fffffe6b trap_EA_Gesture
0 fffffe6c trap_EA_Action
0 fffffe6d trap_EA_Command
0 fffffe6e trap_EA_SayTeam
0 fffffe6f trap_EA_Say
0 fffffec1 trap_AAS_PredictClientMovement
0 fffffec2 trap_AAS_Swimming
0 fffffec3 trap_AAS_AreaTravelTimeToGoalArea
0 fffffec4 trap_AAS_AreaReachability
0 fffffec5 trap_AAS_IntForBSPEpairKey
0 fffffec6 trap_AAS_FloatForBSPEpairKey
0 fffffec7 trap_AAS_VectorForBSPEpairKey
0 fffffec8 trap_AAS_ValueForBSPEpairKey
0 fffffec9 trap_AAS_NextBSPEntity
0 fffffeca trap_AAS_PointContents
0 fffffecb trap_AAS_TraceAreas
0 fffffecc trap_AAS_PointAreaNum
0 fffffecd trap_AAS_Time
0 fffffece trap_AAS_PresenceTypeBoundingBox
0 fffffecf trap_AAS_Initialized
0 fffffed0 trap_AAS_EntityInfo
0 fffffed1 trap_AAS_AreaInfo
0 fffffed2 trap_AAS_BBoxAreas
0 fffffed3 trap_AAS_EnableRoutingArea
0 ffffff2c trap_BotUserCommand
0 ffffff2d trap_BotGetServerCommand
0 ffffff2e trap_BotGetSnapshotEntity
0 ffffff2f trap_BotLibTest
0 ffffff30 trap_BotLibUpdateEntity
0 ffffff31 trap_BotLibLoadMap
0 ffffff32 trap_BotLibStartFrame
0 ffffff33 trap_BotLibDefine
0 ffffff34 trap_BotLibVarGet
0 ffffff35 trap_BotLibVarSet
0 ffffff36 trap_BotLibShutdown
0 ffffff37 trap_BotLibSetup
0 ffffff8e testPrintFloat
0 ffffff8f testPrintInt
0 ffffff90 ceil
0 ffffff91 floor
0 ffffff95 sqrt
0 ffffff96 atan2
0 ffffff97 cos
0 ffffff98 sin
0 ffffff99 strncpy
0 ffffff9a memcpy
0 ffffff9b memset
0 ffffffd2 trap_FS_Seek
0 ffffffd3 trap_EntityContactCapsule
0 ffffffd4 trap_TraceCapsule
0 ffffffd5 trap_SnapVector
0 ffffffd6 trap_RealTime
0 ffffffd7 trap_DebugPolygonDelete
0 ffffffd8 trap_DebugPolygonCreate
0 ffffffd9 trap_FS_GetFileList
0 ffffffda trap_GetEntityToken
0 ffffffdb trap_GetUsercmd
0 ffffffdc trap_BotFreeClient
0 ffffffdd trap_BotAllocateClient
0 ffffffde trap_EntityContact
0 ffffffdf trap_EntitiesInBox
0 ffffffe0 trap_UnlinkEntity
0 ffffffe1 trap_LinkEntity
0 ffffffe2 trap_AreasConnected
0 ffffffe3 trap_AdjustAreaPortalState
0 ffffffe4 trap_InPVSIgnorePortals
0 ffffffe5 trap_InPVS
0 ffffffe6 trap_PointContents
0 ffffffe7 trap_Trace
0 ffffffe8 trap_SetBrushModel
0 ffffffe9 trap_GetServerinfo
0 ffffffea trap_SetUserinfo
0 ffffffeb trap_GetUserinfo
0 ffffffec trap_GetConfigstring
0 ffffffed trap_SetConfigstring
0 ffffffee trap_SendServerCommand
0 ffffffef trap_DropClient
0 fffffff0 trap_LocateGameData
0 fffffff1 trap_SendConsoleCommand
0 fffffff2 trap_FS_FCloseFile
0 fffffff3 trap_FS_Write
0 fffffff4 trap_FS_Read
0 fffffff5 trap_FS_FOpenFile
0 fffffff6 trap_Argv
0 fffffff7 trap_Argc
0 fffffff8 trap_Cvar_VariableStringBuffer
0 fffffff9 trap_Cvar_VariableIntegerValue
0 fffffffa trap_Cvar_Set
0 fffffffb trap_Cvar_Update
0 fffffffc trap_Cvar_Register
0 fffffffd trap_Milliseconds
0 fffffffe trap_Error
0 ffffffff trap_Printf
0        0 vmMain
0       96 G_Printf
0       af G_Error
0       c8 G_FindTeams
0      1cc G_RemapTeamShaders
0      1cf G_RegisterCvars
0      243 G_UpdateCvars
0      2b7 G_InitGame
0      3e6 G_ShutdownGame
0      415 Com_Error
0      430 Com_Printf
0      44b AddTournamentPlayer
0      4ca RemoveTournamentLoser
0      4f1 RemoveTournamentWinner
0      518 AdjustTournamentScores
0      56d SortRanks
0      642 CalculateRanks
0      8bb SendScoreboardMessageToAllClients
0      8e4 MoveClientToIntermission
0      954 FindIntermissionPoint
0      9c2 BeginIntermission
0      a1a ExitLevel
0      aa2 G_LogPrintf
0      b0e LogExit
0      ba0 CheckIntermissionExit
0      c61 ScoreIsTied
0      caa CheckExitRules
0      da5 CheckTournament
0      ef9 CheckVote
0      f5c PrintTeam
0      f87 SetLeader
0     103f CheckTeamLeader
0     10d7 CheckTeamVote
0     119a CheckCvars
0     11c7 G_RunThink
0     1200 G_RunFrame
0     1381 BotNumActivePlayers
0     13f2 BotIsFirstInRankings
0     1471 BotIsLastInRankings
0     14f0 BotFirstClientInRankings
0     157c BotLastClientInRankings
0     1608 BotRandomOpponentName
0     16e7 BotMapTitle
0     1708 BotWeaponNameForMeansOfDeath
0     1749 BotRandomWeaponName
0     1792 BotVisibleEnemies
0     181f BotValidChatPosition
0     18e8 BotChat_EnterGame
0     199e BotChat_ExitGame
0     1a45 BotChat_StartLevel
0     1aec BotChat_EndLevel
0     1c41 BotChat_Death
0     1ec6 BotChat_Kill
0     2029 BotChat_EnemySuicide
0     20e2 BotChat_HitTalking
0     21ce BotChat_HitNoDeath
0     22d7 BotChat_HitNoKill
0     23b4 BotChat_Random
0     2544 BotChatTime
0     255d BotChatTest
0     2e11 BotGetItemTeamGoal
0     2e50 BotGetMessageTeamGoal
0     2e8d BotGetTime
0     2f0c FindClientByName
0     2f7f FindEnemyByName
0     3012 NumPlayersOnSameTeam
0     3069 BotGetPatrolWaypoints
0     31a1 BotAddressedToBot
0     32ba BotGPSToPosition
0     3352 BotMatch_HelpAccompany
0     358b BotMatch_DefendKeyArea
0     3641 BotMatch_GetItem
0     36d9 BotMatch_Camp
0     38a6 BotMatch_Patrol
0     3942 BotMatch_GetFlag
0     39d6 BotMatch_AttackEnemyBase
0     3a56 BotMatch_RushBase
0     3ad6 BotMatch_TaskPreference
0     3b9e BotMatch_ReturnFlag
0     3c11 BotMatch_JoinSubteam
0     3c7c BotMatch_LeaveSubteam
0     3ce7 BotMatch_WhichTeam
0     3d45 BotMatch_CheckPoint
0     3ea7 BotMatch_FormationSpace
0     3f05 BotMatch_Dismiss
0     3f69 BotMatch_Suicide
0     3fbd BotMatch_StartTeamLeaderShip
0     401c BotMatch_StopTeamLeaderShip
0     408d BotMatch_WhoIsTeamLeader
0     40c1 BotMatch_WhatAreYouDoing
0     41dc BotMatch_WhatIsMyCommand
0     4203 BotNearestVisibleItem
0     42a0 BotMatch_WhereAreYou
0     43d2 BotMatch_LeadTheWay
0     4530 BotMatch_Kill
0     45cd BotMatch_CTF
0     46a6 BotMatch_EnterGame
0     46cb BotMatch_NewLeader
0     4700 BotMatchMessage
0     4864 BotResetNodeSwitches
0     486a BotDumpNodeSwitches
0     48ab BotRecordNodeSwitch
0     48e7 BotGetAirGoal
0     49a4 BotGoForAir
0     4a21 BotNearbyGoal
0     4a91 BotReachedGoal
0     4b99 BotGetItemLongTermGoal
0     4c30 BotGetLongTermGoal
0     5b5d BotLongTermGoal
0     5de2 AIEnter_Intermission
0     5e1e AINode_Intermission
0     5e61 AIEnter_Observer
0     5e7d AINode_Observer
0     5e95 AIEnter_Stand
0     5eb4 AINode_Stand
0     5f5d AIEnter_Respawn
0     5fe1 AINode_Respawn
0     6061 BotSelectActivateWeapon
0     6123 BotClearPath
0     6390 AIEnter_Seek_ActivateEntity
0     63a6 AINode_Seek_ActivateEntity
0     67f5 AIEnter_Seek_NBG
0     6834 AINode_Seek_NBG
0     6aba AIEnter_Seek_LTG
0     6af9 AINode_Seek_LTG
0     6e62 AIEnter_Battle_Fight
0     6e81 AIEnter_Battle_SuicidalFight
0     6eae AINode_Battle_Fight
0     7186 AIEnter_Battle_Chase
0     71a3 AINode_Battle_Chase
0     7466 AIEnter_Battle_Retreat
0     747c AINode_Battle_Retreat
0     779b AIEnter_Battle_NBG
0     77b1 AINode_Battle_NBG
0     7a49 BotSetUserInfo
0     7a78 BotCTFCarryingFlag
0     7a9b BotTeam
0     7af0 BotOppositeTeam
0     7b12 BotEnemyFlag
0     7b26 BotTeamFlag
0     7b3a EntityIsDead
0     7b61 EntityCarriesFlag
0     7b80 EntityIsInvisible
0     7ba1 EntityIsShooting
0     7bb3 EntityIsChatting
0     7bc5 EntityHasQuad
0     7bd7 BotRememberLastOrderedTask
0     7c20 BotSetTeamStatus
0     7c23 BotSetLastOrderedTask
0     7d2b BotRefuseOrder
0     7d6c BotCTFSeekGoals
0     8302 BotCTFRetreatGoals
0     834c BotTeamGoals
0     836f BotPointAreaNum
0     83ae ClientName
0     83fc ClientSkin
0     8444 ClientFromName
0     8497 ClientOnSameTeamFromName
0     84fa stristr
0     855c EasyClientName
0     86ed BotSynonymContext
0     8713 BotChooseWeapon
0     877a BotSetupForMovement
0     883b BotCheckItemPickup
0     883e BotUpdateInventory
0     8afd BotUpdateBattleInventory
0     8b43 BotBattleUseItems
0     8b7f BotSetTeleportTime
0     8baa BotIsDead
0     8bbf BotIsObserver
0     8bf5 BotIntermission
0     8c1a BotInLavaOrSlime
0     8c34 BotCreateWayPoint
0     8c92 BotFindWayPoint
0     8cbd BotFreeWaypoints
0     8cdc BotInitWaypoints
0     8d00 TeamPlayIsOn
0     8d12 BotAggression
0     8df6 BotFeelingBad
0     8e27 BotWantsToRetreat
0     8e79 BotWantsToChase
0     8ec4 BotWantsToHelp
0     8ec9 BotCanAndWantsToRocketJump
0     8f30 BotHasPersistantPowerupAndWeapon
0     9002 BotGoCamp
0     907e BotWantsToCamp
0     91b0 BotDontAvoid
0     91e4 BotGoForPowerups
0     9215 BotRoamGoal
0     93b2 BotAttackMove
0     96a0 BotSameTeam
0     970e InFieldOfVision
0     9790 BotEntityVisible
0     99f2 BotFindEnemy
0     9c82 BotTeamFlagCarrierVisible
0     9cfb BotTeamFlagCarrier
0     9d4d BotEnemyFlagCarrierVisible
0     9dc6 BotVisibleTeamMatesAndEnemies
0     9e9e BotAimAtEnemy
0     a6b4 BotCheckAttack
0     a939 BotMapScripts
0     ab14 BotSetMovedir
0     ab4f BotModelMinsMaxs
0     ac47 BotFuncButtonActivateGoal
0     b16a BotFuncDoorActivateGoal
0     b23a BotTriggerMultipleActivateGoal
0     b389 BotPopFromActivateGoalStack
0     b3c4 BotPushOntoActivateGoalStack
0     b45d BotClearActivateGoalStack
0     b46f BotEnableActivateGoalAreas
0     b4bf BotIsGoingToActivateEntity
0     b52d BotGetActivateGoal
0     b9c4 BotGoForActivateGoal
0     ba17 BotPrintActivateGoalInfo
0     ba99 BotRandomMove
0     bada BotAIBlocked
0     bcbd BotAIPredictObstacles
0     bdb8 BotCheckConsoleMessages
0     bfc3 BotCheckForGrenades
0     bff1 BotCheckEvents
0     c20e BotCheckSnapshot
0     c279 BotCheckAir
0     c29b BotAlternateRoute
0     c2fe BotGetAlternateRouteGoal
0     c3a2 BotSetupAlternativeRouteGoals
0     c3ae BotDeathmatchAI
0     c5bd BotSetEntityNumForGoalWithModel
0     c645 BotSetEntityNumForGoal
0     c6b9 BotGoalForBSPEntity
0     c751 BotSetupDeathmatchAI
0     c83a BotShutdownDeathmatchAI
0     c840 BotAI_Print
0     c89a BotAI_Trace
0     c908 BotAI_GetClientState
0     c939 BotAI_GetEntityState
0     c97e BotAI_GetSnapshotEntity
0     c9af BotAI_BotInitialChat
0     ca31 BotTestAAS
0     caa8 BotReportStatus
0     cc30 BotTeamplayReport
0     cd23 BotSetInfoConfigString
0     ce8c BotUpdateInfoConfigStrings
0     ceed BotInterbreedBots
0     cfc6 BotWriteInterbreeded
0     d02e BotInterbreedEndMatch
0     d068 BotInterbreeding
0     d0ff BotEntityInfo
0     d10b NumBots
0     d111 BotTeamLeader
0     d141 AngleDifference
0     d169 BotChangeViewAngle
0     d1d5 BotChangeViewAngles
0     d3e0 BotInputToUserCommand
0     d6d3 BotUpdateInput
0     d790 BotAIRegularUpdate
0     d7a1 RemoveColorEscapeSequences
0     d815 BotAI
0     da48 BotScheduleBotThink
0     da87 BotWriteSessionData
0     db17 BotReadSessionData
0     db94 BotAISetupClient
0     ddd5 BotAIShutdownClient
0     de74 BotResetState
0     df8d BotAILoadMap
0     dfde BotAIStartFrame
0     e31c BotInitLibrary
0     e4fb BotAISetup
0     e5a5 BotAIShutdown
0     e5e3 BotValidTeamLeader
0     e60a BotNumTeamMates
0     e689 BotClientTravelTimeToGoal
0     e6ba BotSortTeamMatesByBaseTravelTime
0     e7d8 BotSetTeamMateTaskPreference
0     e7fa BotGetTeamMateTaskPreference
0     e831 BotSortTeamMatesByTaskPreference
0     e931 BotSayTeamOrderAlways
0     e980 BotSayTeamOrder
0     e98c BotVoiceChat
0     e98f BotVoiceChatOnly
0     e992 BotSayVoiceTeamOrder
0     e995 BotCTFOrders_BothFlagsNotAtBase
0     ec5a BotCTFOrders_FlagNotAtBase
0     efd2 BotCTFOrders_EnemyFlagNotAtBase
0     f243 BotCTFOrders_BothFlagsAtBase
0     f5bf BotCTFOrders
0     f627 BotCreateGroup
0     f689 BotTeamOrders
0     f782 FindHumanTeamLeader
0     f7e6 BotTeamAI
0     fa0b BotVoiceChat_GetFlag
0     fa79 BotVoiceChat_Offense
0     fad8 BotVoiceChat_Defend
0     fb58 BotVoiceChat_DefendFlag
0     fb67 BotVoiceChat_Patrol
0     fbab BotVoiceChat_Camp
0     fc86 BotVoiceChat_FollowMe
0     fd6e BotVoiceChat_FollowFlagCarrier
0     fd8c BotVoiceChat_ReturnFlag
0     fdd9 BotVoiceChat_StartLeader
0     fde9 BotVoiceChat_StopLeader
0     fe15 BotVoiceChat_WhoIsLeader
0     fe5f BotVoiceChat_WantOnDefense
0     fec2 BotVoiceChat_WantOnOffense
0     ff25 BotVoiceChat_Dummy
0     ff28 BotVoiceChatCommand
0    10066 BG_FindItemForPowerup
0    100a9 BG_FindItemForHoldable
0    100e3 BG_FindItemForWeapon
0    10116 BG_FindItem
0    10141 BG_PlayerTouchesItem
0    101a1 BG_CanItemBeGrabbed
0    102d2 BG_EvaluateTrajectory
0    104a2 BG_EvaluateTrajectoryDelta
0    1059c BG_AddPredictableEventToPlayerstate
0    105d7 BG_TouchJumpPad
0    10647 BG_PlayerStateToEntityState
0    10841 BG_PlayerStateToEntityStateExtraPolate
0    10a48 PM_AddEvent
0    10a57 PM_AddTouchEnt
0    10aac PM_StartTorsoAnim
0    10ad2 PM_StartLegsAnim
0    10b02 PM_ContinueLegsAnim
0    10b22 PM_ContinueTorsoAnim
0    10b42 PM_ForceLegsAnim
0    10b52 PM_ClipVelocity
0    10bcb PM_Friction
0    10cbe PM_Accelerate
0    10d3a PM_CmdScale
0    10dde PM_SetMovementDir
0    10f2a PM_CheckJump
0    10fb7 PM_CheckWaterJump
0    1109e PM_WaterJumpMove
0    110df PM_WaterMove
0    11210 PM_FlyMove
0    1129b PM_AirMove
0    1133e PM_GrappleMove
0    113f5 PM_WalkMove
0    115f1 PM_DeadMove
0    1166a PM_NoclipMove
0    117be PM_FootstepForSurface
0    117d7 PM_CrashLand
0    118d4 PM_CorrectAllSolid
0    119bb PM_GroundTraceMissed
0    11a54 PM_GroundTrace
0    11bc5 PM_SetWaterLevel
0    11c92 PM_CheckDuck
0    11de3 PM_Footsteps
0    11f55 PM_WaterEvents
0    11fac PM_BeginWeaponChange
0    11ff6 PM_FinishWeaponChange
0    1203e PM_TorsoAnimation
0    1205d PM_Weapon
0    12283 PM_Animate
0    122a8 PM_DropTimers
0    12332 PM_UpdateViewAngles
0    123d6 PmoveSingle
0    126a9 Pmove
0    12735 PM_SlideMove
0    12b25 PM_StepSlideMove
0    12cb6 P_DamageFeedback
0    12d79 P_WorldEffects
0    12f20 G_SetClientSound
0    12f51 ClientImpacts
0    12ff4 G_TouchTriggers
0    131d6 SpectatorThink
0    1325f ClientInactivityTimer
0    13301 ClientTimerActions
0    133ec ClientIntermissionThink
0    13447 ClientEvents
0    135c5 SendPendingPredictableEvents
0    13671 ClientThink_real
0    139c8 ClientThink
0    13a03 G_RunClient
0    13a2a SpectatorClientEndFrame
0    13aff ClientEndFrame
0    13bd7 UpdateTournamentInfo
0    13d1f SpawnModelOnVictoryPad
0    13f13 CelebrateStop
0    13f3d CelebrateStart
0    13f70 PodiumPlacementThink
0    1420c SpawnPodium
0    142e9 SpawnModelsOnVictoryPads
0    1438b Svcmd_AbortPodium_f
0    143a5 trap_Cvar_VariableValue
0    143bb G_ParseInfos
0    144a9 G_LoadArenasFromFile
0    14529 G_LoadArenas
0    145d3 G_GetArenaInfoByMap
0    1460e PlayerIntroSound
0    1465f G_AddRandomBot
0    147cc G_RemoveRandomBot
0    14838 G_CountHumanPlayers
0    1488b G_CountBotPlayers
0    14908 G_CheckMinimumPlayers
0    14a3c G_CheckBotSpawn
0    14a9a AddBotToSpawnQueue
0    14ad5 G_RemoveQueuedBotBegin
0    14af9 G_BotConnect
0    14b5b G_AddBot
0    14dce Svcmd_AddBot_f
0    14e65 Svcmd_BotList_f
0    14f19 G_SpawnBots
0    14fcb G_LoadBotsFromFile
0    1504b G_LoadBots
0    150d8 G_GetBotInfoByNumber
0    15103 G_GetBotInfoByName
0    15142 G_InitBots
0    15231 SP_info_player_deathmatch
0    1526a SP_info_player_start
0    15279 SP_info_player_intermission
0    1527c SpotWouldTelefrag
0    152fd SelectNearestDeathmatchSpawnPoint
0    15361 SelectRandomDeathmatchSpawnPoint
0    153c1 SelectRandomFurthestSpawnPoint
0    15531 SelectSpawnPoint
0    15544 SelectInitialSpawnPoint
0    155a9 SelectSpectatorSpawnPoint
0    155b9 InitBodyQue
0    155e9 BodySink
0    1561b CopyToBodyQue
0    15797 SetClientViewAngle
0    157ef respawn
0    1581f TeamCount
0    15860 TeamLeader
0    158a1 PickTeam
0    158db ClientCleanName
0    159d0 ClientUserinfoChanged
0    15cbb ClientConnect
0    15de5 ClientBegin
0    15e9a ClientSpawn
0    16242 ClientDisconnect
0    16359 DeathmatchScoreboardMessage
0    16487 Cmd_Score_f
0    16490 CheatsOk
0    164ce ConcatArgs
0    16539 SanitizeString
0    1658b ClientNumberFromString
0    16657 Cmd_Give_f
0    1681e Cmd_God_f
0    16863 Cmd_Notarget_f
0    168a8 Cmd_Noclip_f
0    168fb Cmd_LevelShot_f
0    1692c Cmd_TeamTask_f
0    16983 Cmd_Kill_f
0    169d5 BroadcastTeamChange
0    16a4f SetTeam
0    16ca2 StopFollowing
0    16cf1 Cmd_Team_f
0    16da7 Cmd_Follow_f
0    16e41 Cmd_FollowCycle_f
0    16ee6 G_SayTo
0    16f77 G_Say
0    170d9 Cmd_Say_f
0    17112 Cmd_Tell_f
0    171bc G_VoiceTo
0    17232 G_Voice
0    17296 Cmd_Voice_f
0    172d2 Cmd_VoiceTell_f
0    17382 Cmd_VoiceTaunt_f
0    17541 Cmd_GameCommand_f
0    175b6 Cmd_Where_f
0    175d8 Cmd_CallVote_f
0    17892 Cmd_Vote_f
0    17948 Cmd_CallTeamVote_f
0    17c6e Cmd_TeamVote_f
0    17d5d Cmd_SetViewpos_f
0    17dea Cmd_Stats_f
0    17ded ClientCommand
0    180c5 ScorePlum
0    180fa AddScore
0    18148 TossClientItems
0    18222 LookAtKiller
0    182f4 GibEntity
0    1835f body_die
0    1837f CheckAlmostCapture
0    18460 CheckAlmostScored
0    184fb player_die
0    18911 CheckArmor
0    1896e RaySphereIntersections
0    18b18 G_Damage
0    18ed1 CanDamage
0    18ffc G_RadiusDamage
0    19179 Pickup_Powerup
0    192cc Pickup_Holdable
0    192fd Add_Ammo
0    19334 Pickup_Ammo
0    19365 Pickup_Weapon
0    19424 Pickup_Health
0    194aa Pickup_Armor
0    194ee RespawnItem
0    19626 Touch_Item
0    1985d LaunchItem
0    19929 Drop_Item
0    1998c Use_Item
0    19995 FinishSpawningItem
0    19aec G_CheckTeamItems
0    19b3e ClearRegisteredItems
0    19b62 RegisterItem
0    19b7a SaveRegisteredItems
0    19bc2 G_ItemDisabled
0    19bdb G_SpawnItem
0    19c3d G_BounceItem
0    19d9f G_RunItem
0    19e6d G_Alloc
0    19eb8 G_InitMemory
0    19ebe Svcmd_GameMem_f
0    19ecb SP_info_camp
0    19edd SP_info_null
0    19ee6 SP_info_notnull
0    19ef8 SP_light
0    19f01 TeleportPlayer
0    1a02c SP_misc_teleporter_dest
0    1a02f SP_misc_model
0    1a038 locateCamera
0    1a117 SP_misc_portal_surface
0    1a189 SP_misc_portal_camera
0    1a1df Use_Shooter
0    1a305 InitShooter_Finish
0    1a329 InitShooter
0    1a397 SP_shooter_rocket
0    1a3a2 SP_shooter_plasma
0    1a3ad SP_shooter_grenade
0    1a3b8 G_BounceMissile
0    1a4cf G_ExplodeMissile
0    1a575 G_MissileImpact
0    1a82e G_RunMissile
0    1a91b fire_plasma
0    1a9f8 fire_grenade
0    1aadb fire_bfg
0    1abb8 fire_rocket
0    1ac95 fire_grapple
0    1ad6c G_TestEntityPosition
0    1ade9 G_CreateRotationMatrix
0    1ae0b G_TransposeMatrix
0    1ae4c G_RotatePoint
0    1aeb8 G_TryPushingEntity
0    1b14d G_CheckProxMinePosition
0    1b1ea G_TryPushingProxMine
0    1b31c G_MoverPush
0    1b62c G_MoverTeam
0    1b75f G_RunMover
0    1b790 SetMoverState
0    1b8cf MatchTeam
0    1b8ef ReturnToPos1
0    1b924 Reached_BinaryMover
0    1b9eb Use_BinaryMover
0    1bb1c InitMover
0    1bcb1 Blocked_Door
0    1bd2f Touch_DoorTriggerSpectator
0    1be08 Touch_DoorTrigger
0    1be5a Think_SpawnNewDoorTrigger
0    1bf55 Think_MatchTeam
0    1bf6b SP_func_door
0    1c129 Touch_Plat
0    1c150 Touch_PlatCenterTrigger
0    1c179 SpawnPlatTrigger
0    1c267 SP_func_plat
0    1c36e Touch_Button
0    1c391 SP_func_button
0    1c4cf Think_BeginMoving
0    1c4df Reached_Train
0    1c5c4 Think_SetupTrainTargets
0    1c67b SP_path_corner
0    1c69c SP_func_train
0    1c731 SP_func_static
0    1c764 SP_func_rotating
0    1c80a SP_func_bobbing
0    1c8bc SP_func_pendulum
0    1c975 G_WriteClientSessionData
0    1c9cb G_ReadSessionData
0    1ca24 G_InitSessionData
0    1cab1 G_InitWorldSession
0    1cad4 G_WriteSessionData
0    1cb0f G_SpawnString
0    1cb53 G_SpawnFloat
0    1cb75 G_SpawnInt
0    1cb97 G_SpawnVector
0    1cbc6 SP_item_botroam
0    1cbc9 G_CallSpawn
0    1cc48 G_NewString
0    1cccc G_ParseField
0    1cdb4 G_SpawnGEntityFromSpawnVars
0    1ce9f G_AddSpawnVarToken
0    1cee0 G_ParseSpawnVars
0    1cf70 SP_worldspawn
0    1d03c G_SpawnEntitiesFromString
0    1d065 StringToFilter
0    1d12d UpdateIPBans
0    1d1da G_FilterPacket
0    1d28a AddIP
0    1d2e0 G_ProcessIPBans
0    1d336 Svcmd_AddIP_f
0    1d356 Svcmd_RemoveIP_f
0    1d3be Svcmd_EntityList_f
0    1d478 ClientForString
0    1d50f Svcmd_ForceTeam_f
0    1d545 ConsoleCommand
0    1d648 Use_Target_Give
0    1d6a2 SP_target_give
0    1d6ab Use_target_remove_powerups
0    1d6f7 SP_target_remove_powerups
0    1d700 Think_Target_Delay
0    1d713 Use_Target_Delay
0    1d74e SP_target_delay
0    1d781 Use_Target_Score
0    1d799 SP_target_score
0    1d7af Use_Target_Print
0    1d836 SP_target_print
0    1d83f Use_Target_Speaker
0    1d8b2 SP_target_speaker
0    1d9af target_laser_think
0    1db0b target_laser_on
0    1db26 target_laser_off
0    1db35 target_laser_use
0    1db54 target_laser_start
0    1dbe5 SP_target_laser
0    1dbf7 target_teleporter_use
0    1dc2c SP_target_teleporter
0    1dc53 target_relay_use
0    1dce4 SP_target_relay
0    1dced target_kill_use
0    1dd0e SP_target_kill
0    1dd17 SP_target_position
0    1dd29 target_location_linkup
0    1dd99 SP_target_location
0    1ddba Team_InitGame
0    1dde5 OtherTeam
0    1ddfb TeamName
0    1de18 OtherTeamName
0    1de35 TeamColorString
0    1de52 PrintMsg
0    1dea8 AddTeamScore
0    1df33 OnSameTeam
0    1df7b Team_SetFlagStatus
0    1dfe7 Team_CheckDroppedItem
0    1e021 Team_ForceGesture
0    1e066 Team_FragBonuses
0    1e5f2 Team_CheckHurtCarrier
0    1e688 Team_ResetFlag
0    1e6f2 Team_ResetFlags
0    1e703 Team_ReturnFlagSound
0    1e740 Team_TakeFlagSound
0    1e7af Team_CaptureFlagSound
0    1e7ec Team_ReturnFlag
0    1e81d Team_FreeEntity
0    1e851 Team_DroppedFlagThink
0    1e892 Team_TouchOurFlag
0    1eb11 Team_TouchEnemyFlag
0    1eb6e Pickup_Team
0    1ebd8 Team_GetLocation
0    1ec52 Team_GetLocationMsg
0    1ecb9 SelectRandomTeamSpawnPoint
0    1ed55 SelectCTFSpawnPoint
0    1ed9a SortClients
0    1eda5 TeamplayInfoMessage
0    1ef03 CheckTeamStatus
0    1efb8 SP_team_CTF_redplayer
0    1efbb SP_team_CTF_blueplayer
0    1efbe SP_team_CTF_redspawn
0    1efc1 SP_team_CTF_bluespawn
0    1efc4 InitTrigger
0    1f003 multi_wait
0    1f00c multi_trigger
0    1f0b9 Use_Multi
0    1f0c5 Touch_Multi
0    1f0da SP_trigger_multiple
0    1f139 trigger_always_think
0    1f14f SP_trigger_always
0    1f161 trigger_push_touch
0    1f179 AimAtTarget
0    1f27e SP_trigger_push
0    1f2bb Use_target_push
0    1f30a SP_target_push
0    1f3c8 trigger_teleporter_touch
0    1f41e SP_trigger_teleport
0    1f465 hurt_use
0    1f47d hurt_touch
0    1f4fc SP_trigger_hurt
0    1f549 func_timer_think
0    1f587 func_timer_use
0    1f5a6 SP_func_timer
0    1f620 AddRemap
0    1f68f BuildShaderStateConfig
0    1f6d5 G_FindConfigstringIndex
0    1f741 G_ModelIndex
0    1f754 G_SoundIndex
0    1f767 G_TeamCommand
0    1f7a5 G_Find
0    1f7f4 G_PickTarget
0    1f85a G_UseTargets
0    1f8f9 tv
0    1f927 vtos
0    1f963 G_SetMovedir
0    1f9b8 vectoyaw
0    1fa12 G_InitGentity
0    1fa34 G_Spawn
0    1fae2 G_EntitiesFree
0    1fb0d G_FreeEntity
0    1fb3c G_TempEntity
0    1fb8a G_KillBox
0    1fc56 G_AddPredictableEvent
0    1fc71 G_AddEvent
0    1fcea G_Sound
0    1fd03 G_SetOrigin
0    1fd42 DebugLine
0    1fe45 G_BounceProjectile
0    1ff04 Weapon_Gauntlet
0    1ff07 CheckGauntletAttack
0    1fffd SnapVectorTowards
0    20046 Bullet_Fire
0    201c7 BFG_Fire
0    201fb ShotgunPellet
0    20282 ShotgunPattern
0    20367 weapon_supershotgun_fire
0    203e6 weapon_grenadelauncher_fire
0    2042a Weapon_RocketLauncher_Fire
0    2045e Weapon_Plasmagun_Fire
0    20492 weapon_railgun_fire
0    206a2 Weapon_GrapplingHook_Fire
0    206cd Weapon_HookFree
0    206f6 Weapon_HookThink
0    2077c Weapon_LightningFire
0    2087f LogAccuracyHit
0    208ce CalcMuzzlePoint
0    20958 CalcMuzzlePointOrigin
0    209e2 FireWeapon
0    20abc Q_rand
0    20ad1 Q_random
0    20ae3 Q_crandom
0    20af4 VectorCompare
0    20b2c VectorLength
0    20b5f VectorLengthSquared
0    20b8b Distance
0    20bcc DistanceSquared
0    20c1a VectorNormalizeFast
0    20c79 VectorInverse
0    20ca1 CrossProduct
0    20d1a ClampChar
0    20d31 ClampShort
0    20d48 DirToByte
0    20da3 ByteToDir
0    20dc1 ColorBytes3
0    20e30 ColorBytes4
0    20ec2 NormalizeColor
0    20f38 PlaneFromPoints
0    20ff6 RotatePointAroundVector
0    21101 RotateAroundDirection
0    21145 vectoangles
0    21201 AnglesToAxis
0    21236 AxisClear
0    2126d AxisCopy
0    21291 ProjectPointOnPlane
0    2134c MakeNormalVectors
0    213f7 VectorRotate
0    21494 Q_rsqrt
0    214cb Q_fabs
0    214db LerpAngle
0    2150c AngleSubtract
0    21531 AnglesSubtract
0    2157f AngleMod
0    21591 AngleNormalize360
0    2159f AngleNormalize180
0    215ba AngleDelta
0    215ca SetPlaneSignbits
0    215f7 BoxOnPlaneSide
0    219b8 RadiusFromBounds
0    21a0b ClearBounds
0    21a42 AddPointToBounds
0    21adb VectorNormalize
0    21b4b VectorNormalize2
0    21bd9 _VectorMA
0    21c1b _DotProduct
0    21c50 _VectorSubtract
0    21c89 _VectorAdd
0    21cc2 _VectorCopy
0    21ce9 _VectorScale
0    21d19 Vector4Scale
0    21d5b Q_log2
0    21d7a MatrixMultiply
0    21f4f AngleVectors
0    22047 PerpendicularVector
0    220b3 Com_Clamp
0    220cd COM_SkipPath
0    220f1 COM_StripExtension
0    22127 COM_DefaultExtension
0    2216f ShortSwap
0    2218f ShortNoSwap
0    2219a LongSwap
0    221cd LongNoSwap
0    221d3 Long64Swap
0    22210 Long64NoSwap
0    22218 FloatSwap
0    2222e FloatNoSwap
0    22235 COM_BeginParseSession
0    22247 COM_GetCurrentParseLine
0    2224d COM_Parse
0    2225c COM_ParseError
0    2227c COM_ParseWarning
0    2229c SkipWhitespace
0    222d3 COM_Compress
0    22426 COM_ParseExt
0    22572 COM_MatchToken
0    2259b SkipBracedSection
0    225d9 SkipRestOfLine
0    22611 Parse1DMatrix
0    22650 Parse2DMatrix
0    2268b Parse3DMatrix
0    226d0 Q_isprint
0    226e5 Q_islower
0    226fa Q_isupper
0    2270f Q_isalpha
0    22730 Q_strrchr
0    22764 Q_strncpyz
0    2279f Q_stricmpn
0    2282a Q_strncmp
0    2287c Q_stricmp
0    228a4 Q_strlwr
0    228ca Q_strupr
0    228f0 Q_strcat
0    2291c Q_PrintStrlen
0    2296c Q_CleanStr
0    229d2 Com_sprintf
0    22a11 va
0    22a3e Info_ValueForKey
0    22b1e Info_NextPair
0    22bbc Info_RemoveKey
0    22c8c Info_RemoveKey_Big
0    22d5c Info_Validate
0    22d83 Info_SetValueForKey
0    22e53 Info_SetValueForKey_Big
0    22f1b swapfunc
0    22fa2 med3
0    23025 qsort
0    233de strlen
0    233f9 strcat
0    2343c strcpy
0    23471 strcmp
0    234aa strchr
0    234c9 strstr
0    2350f tolower
0    23527 toupper
0    2353f memmove
0    23586 tan
0    2359d srand
0    235a4 rand
0    235b9 atof
0    2367e _atof
0    23749 atoi
0    237c1 _atoi
0    23843 abs
0    23858 fabs
0    2386d AddInt
0    23948 AddFloat
0    23a56 AddString
0    23aed vsprintf
0    23c85 sscanf
0   14ab9c _stackStart
0   15ab9c _stackEnd
1        4 gameCvarTable
1      50c gameCvarTableSize
1      744 VEC_UP
1      750 MOVEDIR_UP
1      75c VEC_DOWN
1      768 MOVEDIR_DOWN
1      980 voiceCommands
1      9f8 bg_itemlist
1     117c bg_numItems
1     11d4 eventnames
1     1304 pm_stopspeed
1     1308 pm_duckScale
1     130c pm_swimScale
1     1310 pm_wadeScale
1     1314 pm_accelerate
1     1318 pm_airaccelerate
1     131c pm_wateraccelerate
1     1320 pm_flyaccelerate
1     1324 pm_friction
1     1328 pm_waterfriction
1     132c pm_flightfriction
1     1330 pm_spectatorfriction
1     1334 c_pmove
1     136c offsetFirst
1     1378 offsetSecond
1     1384 offsetThird
1     1390 playerMins
1     139c playerMaxs
1     13d0 gc_orders
1     13ec gameNames
1     140c modNames
1     149c fields
1     15ec spawns
1     17f0 remapCount
1     1858 vec3_origin
1     1864 axisDefault
1     1888 colorBlack
1     1898 colorRed
1     18a8 colorGreen
1     18b8 colorBlue
1     18c8 colorYellow
1     18d8 colorMagenta
1     18e8 colorCyan
1     18f8 colorWhite
1     1908 colorLtGrey
1     1918 colorMdGrey
1     1928 colorDkGrey
1     1938 g_color_table
1     19b8 bytedirs
1     2178 randSeed
2     57eb ctfFlagStatusRemap
2     57f0 oneFlagStatusRemap
3        0 g_listEntity
3      110 g_podiumDrop
3      220 g_podiumDist
3      330 g_logSync
3      440 g_log
3      550 g_clients
3     c750 g_rankings
3     c860 pmove_msec
3     c970 pmove_fixed
3     ca80 g_smoothClients
3     cb90 g_filterBan
3     cca0 g_banIPs
3     cdb0 g_teamForceBalance
3     cec0 g_teamAutoJoin
3     cfd0 g_allowVote
3     d0e0 g_blood
3     d1f0 g_doWarmup
3     d300 g_warmup
3     d410 g_motd
3     d520 g_synchronousClients
3     d630 g_weaponTeamRespawn
3     d740 g_weaponRespawn
3     d850 g_debugDamage
3     d960 g_debugAlloc
3     da70 g_debugMove
3     db80 g_inactivity
3     dc90 g_forcerespawn
3     dda0 g_quadfactor
3     deb0 g_knockback
3     dfc0 g_speed
3     e0d0 g_gravity
3     e1e0 g_needpass
3     e2f0 g_password
3     e400 g_friendlyFire
3     e510 g_capturelimit
3     e620 g_timelimit
3     e730 g_fraglimit
3     e840 g_dmflags
3     e950 g_restarted
3     ea60 g_maxGameClients
3     eb70 g_maxclients
3     ec80 g_cheats
3     ed90 g_dedicated
3     eea0 g_gametype
3     efb0 g_entities
3    d8fb0 level
3    db4b0 notleader
3    db5b0 nodeswitch
3    dd260 numnodeswitches
3    dd26c blue_numaltroutegoals
3    dd270 blue_altroutegoals
3    dd570 red_numaltroutegoals
3    dd574 red_altroutegoals
3    dd874 altroutegoals_setup
3    dd878 max_bspmodelindex
3    dd87c lastteleport_time
3    dd880 lastteleport_origin
3    dd88c g_spSkill
3    dd99c bot_predictobstacles
3    ddaac botai_freewaypoints
3    ddab0 botai_waypoints
3    e0cb0 ctf_blueflag
3    e0ce8 ctf_redflag
3    e0d20 bot_challenge
3    e0e30 bot_testrchat
3    e0f40 bot_nochat
3    e1050 bot_fastchat
3    e1160 bot_rocketjump
3    e1270 bot_grapple
3    e1380 maxclients
3    e1384 gametype
3    e1394 bot_interbreedwrite
3    e14a4 bot_interbreedcycle
3    e15b4 bot_interbreedbots
3    e16c4 bot_interbreedchar
3    e17d4 bot_developer
3    e18e4 bot_testclusters
3    e19f4 bot_testsolid
3    e1b04 bot_report
3    e1c14 bot_pause
3    e1d24 bot_saveroutingcache
3    e1e34 bot_memorydump
3    e1f44 bot_thinktime
3    e2054 bot_interbreedmatchcount
3    e2058 bot_interbreed
3    e205c regularupdate_time
3    e2060 numbots
3    e2064 botstates
3    e2164 floattime
3    e2174 ctftaskpreferences
3    e2b74 pml
3    e2c00 pm
3    e2c04 podium3
3    e2c08 podium2
3    e2c0c podium1
3    e2c14 bot_minplayers
3    e2d24 botSpawnQueue
3    e2da4 g_arenaInfos
3    e3da4 g_numArenas
3    e3da8 g_botInfos
3    e4da8 g_numBots
3    e51b0 itemRegistered
3    e55b0 allocPoint
3    e55b4 memoryPool
3   1255b4 pushed_p
3   1255b8 pushed
3   12d5b8 numIPFilters
3   12d5bc ipFilters
3   12f5bc neutralObelisk
3   12f5c0 teamgame
3   13074c remappedShaders
3   13494c muzzle
3   134958 up
3   134964 right
3   134970 forward
3   13497c s_quadFactor
3   14a398 com_lines
3   14a39c com_parsename
3   14a79c com_token
